[load] missing keys (random init): ['critic_fid.0.weight', 'critic_fid.0.bias', 'critic_fid.2.weight', 'critic_fid.2.bias']
    tof_3.qasm state0 act8: done=True fid=0.8071
    tof_3.qasm state0 act7: done=True fid=0.5319
    tof_3.qasm state0 act3: done=True fid=0.3487
    tof_3.qasm state0 act5: done=True fid=0.7571
    tof_3.qasm state1 act7: done=True fid=0.8071
    tof_3.qasm state1 act9: done=True fid=0.5319
    tof_3.qasm state1 act4: done=True fid=0.5317
    tof_3.qasm state1 act0: done=True fid=0.8062
    tof_3.qasm state2 act4: done=True fid=0.8071
    tof_3.qasm state2 act8: done=True fid=0.6801
    tof_3.qasm state2 act10: done=True fid=0.6367
    tof_3.qasm state2 act3: done=True fid=0.8067
    tof_3.qasm state3 act21: done=True fid=0.8071
    tof_3.qasm state3 act20: done=True fid=0.8071
    tof_3.qasm state3 act19: done=True fid=0.8071
    tof_3.qasm state3 act22: done=True fid=0.8071
    tof_3.qasm state4 act21: done=True fid=0.8071
    tof_3.qasm state4 act20: done=True fid=0.8071
    tof_3.qasm state4 act19: done=True fid=0.8071
    tof_3.qasm state4 act22: done=True fid=0.8071
    tof_3.qasm state5 act21: done=True fid=0.8071
    tof_3.qasm state5 act20: done=True fid=0.8071
    tof_3.qasm state5 act19: done=True fid=0.8071
    tof_3.qasm state5 act22: done=True fid=0.8071
    tof_3.qasm state6 act21: done=True fid=0.8071
    tof_3.qasm state6 act20: done=True fid=0.8071
    tof_3.qasm state6 act19: done=True fid=0.8071
    tof_3.qasm state6 act22: done=True fid=0.8071
    tof_3.qasm state7 act21: done=True fid=0.8071
    tof_3.qasm state7 act20: done=True fid=0.8071
    tof_3.qasm state7 act19: done=True fid=0.8071
    tof_3.qasm state7 act22: done=True fid=0.8071
tof_3.qasm: 8 states sampled, total rows=24
    tof_4.qasm state0 act9: done=True fid=0.4058
    tof_4.qasm state0 act4: done=True fid=0.3971
    tof_4.qasm state0 act6: done=True fid=0.6644
    tof_4.qasm state0 act0: done=True fid=0.4807
    tof_4.qasm state1 act4: done=True fid=0.4058
    tof_4.qasm state1 act8: done=True fid=0.6632
    tof_4.qasm state1 act2: done=True fid=0.4042
    tof_4.qasm state1 act1: done=True fid=0.4042
    tof_4.qasm state2 act5: done=True fid=0.4058
    tof_4.qasm state2 act6: done=True fid=0.5631
    tof_4.qasm state2 act9: done=True fid=0.6536
    tof_4.qasm state2 act8: done=True fid=0.5394
    tof_4.qasm state3 act13: done=True fid=0.4058
    tof_4.qasm state3 act8: done=True fid=0.5435
    tof_4.qasm state3 act10: done=True fid=0.4255
    tof_4.qasm state3 act5: done=True fid=0.5631
    tof_4.qasm state4 act8: done=True fid=0.4058
    tof_4.qasm state4 act12: done=True fid=0.4099
    tof_4.qasm state4 act7: done=True fid=0.353
    tof_4.qasm state4 act3: done=True fid=0.4346
    tof_4.qasm state5 act8: done=True fid=0.4058
    tof_4.qasm state5 act3: done=True fid=0.4339
    tof_4.qasm state5 act7: done=True fid=0.3522
    tof_4.qasm state5 act4: done=True fid=0.5758
    tof_4.qasm state6 act7: done=True fid=0.4058
    tof_4.qasm state6 act3: done=True fid=0.5267
    tof_4.qasm state6 act0: done=True fid=0.6291
    tof_4.qasm state6 act4: done=True fid=0.5422
    tof_4.qasm state7 act4: done=True fid=0.4058
    tof_4.qasm state7 act9: done=True fid=0.4364
    tof_4.qasm state7 act0: done=True fid=0.356
    tof_4.qasm state7 act6: done=True fid=0.5267
tof_4.qasm: 8 states sampled, total rows=48
    tof_5.qasm state0 act12: done=True fid=0.1062
    tof_5.qasm state0 act13: done=True fid=0.2479
    tof_5.qasm state0 act7: done=True fid=0.215
    tof_5.qasm state0 act9: done=True fid=0.1415
    tof_5.qasm state1 act7: done=True fid=0.1062
    tof_5.qasm state1 act9: done=True fid=0.2065
    tof_5.qasm state1 act6: done=True fid=0.1008
    tof_5.qasm state1 act10: done=True fid=0.2135
    tof_5.qasm state2 act9: done=True fid=0.1062
    tof_5.qasm state2 act11: done=True fid=0.0795
    tof_5.qasm state2 act3: done=True fid=0.1062
    tof_5.qasm state2 act0: done=True fid=0.106
    tof_5.qasm state3 act9: done=True fid=0.1062
    tof_5.qasm state3 act7: done=True fid=0.248
    tof_5.qasm state3 act1: done=True fid=0.106
    tof_5.qasm state3 act0: done=True fid=0.106
    tof_5.qasm state4 act7: done=True fid=0.1062
    tof_5.qasm state4 act6: done=True fid=0.1065
    tof_5.qasm state4 act3: done=True fid=0.1009
    tof_5.qasm state4 act2: done=True fid=0.1388
    tof_5.qasm state5 act6: done=True fid=0.1062
    tof_5.qasm state5 act3: done=True fid=0.0999
    tof_5.qasm state5 act9: done=True fid=0.1435
    tof_5.qasm state5 act8: done=True fid=0.118
    tof_5.qasm state6 act5: done=True fid=0.1062
    tof_5.qasm state6 act4: done=True fid=0.1582
    tof_5.qasm state6 act1: done=True fid=0.1927
    tof_5.qasm state6 act0: done=True fid=0.2193
    tof_5.qasm state7 act7: done=True fid=0.1062
    tof_5.qasm state7 act8: done=True fid=0.0848
    tof_5.qasm state7 act3: done=True fid=0.1386
    tof_5.qasm state7 act5: done=True fid=0.1982
tof_5.qasm: 8 states sampled, total rows=72
    mod5_4.qasm state0 act8: done=True fid=0.5818
    mod5_4.qasm state0 act7: done=True fid=0.4073
    mod5_4.qasm state0 act5: done=True fid=0.59
    mod5_4.qasm state0 act3: done=True fid=0.401
    mod5_4.qasm state1 act7: done=True fid=0.5818
    mod5_4.qasm state1 act9: done=True fid=0.4613
    mod5_4.qasm state1 act10: done=True fid=0.6492
    mod5_4.qasm state1 act2: done=True fid=0.5178
    mod5_4.qasm state2 act5: done=True fid=0.5818
    mod5_4.qasm state2 act6: done=True fid=0.5878
    mod5_4.qasm state2 act9: done=True fid=0.5884
    mod5_4.qasm state2 act8: done=True fid=0.582
    mod5_4.qasm state3 act8: done=True fid=0.5818
    mod5_4.qasm state3 act9: done=True fid=0.5875
    mod5_4.qasm state3 act5: done=True fid=0.5778
    mod5_4.qasm state3 act6: done=True fid=0.5816
    mod5_4.qasm state4 act7: done=True fid=0.5818
    mod5_4.qasm state4 act8: done=True fid=0.2971
    mod5_4.qasm state4 act3: done=True fid=0.5156
    mod5_4.qasm state4 act5: done=True fid=0.2969
    mod5_4.qasm state5 act8: done=True fid=0.5818
    mod5_4.qasm state5 act9: done=True fid=0.5905
    mod5_4.qasm state5 act5: done=True fid=0.5788
    mod5_4.qasm state5 act6: done=True fid=0.5707
    mod5_4.qasm state6 act9: done=True fid=0.5818
    mod5_4.qasm state6 act8: done=True fid=0.5182
    mod5_4.qasm state6 act5: done=True fid=0.5938
    mod5_4.qasm state6 act6: done=True fid=0.5213
    mod5_4.qasm state7 act9: done=True fid=0.5818
    mod5_4.qasm state7 act8: done=True fid=0.522
    mod5_4.qasm state7 act6: done=True fid=0.5752
    mod5_4.qasm state7 act5: done=True fid=0.5917
mod5_4.qasm: 8 states sampled, total rows=96
    barenco_tof_4.qasm state0 act5: done=True fid=0.4124
    barenco_tof_4.qasm state0 act7: done=True fid=0.5173
    barenco_tof_4.qasm state0 act8: done=True fid=0.2069
    barenco_tof_4.qasm state0 act3: done=True fid=0.2976
    barenco_tof_4.qasm state1 act7: done=True fid=0.4124
    barenco_tof_4.qasm state1 act6: done=True fid=0.4733
    barenco_tof_4.qasm state1 act3: done=True fid=0.4223
    barenco_tof_4.qasm state1 act2: done=True fid=0.4497
    barenco_tof_4.qasm state2 act8: done=True fid=0.4124
    barenco_tof_4.qasm state2 act9: done=True fid=0.6392
    barenco_tof_4.qasm state2 act5: done=True fid=0.3803
    barenco_tof_4.qasm state2 act6: done=True fid=0.8072
    barenco_tof_4.qasm state3 act7: done=True fid=0.4124
    barenco_tof_4.qasm state3 act9: done=True fid=0.3761
    barenco_tof_4.qasm state3 act13: done=True fid=0.3559
    barenco_tof_4.qasm state3 act14: done=True fid=0.4449
    barenco_tof_4.qasm state4 act12: done=True fid=0.4124
    barenco_tof_4.qasm state4 act13: done=True fid=0.3555
    barenco_tof_4.qasm state4 act9: done=True fid=0.1768
    barenco_tof_4.qasm state4 act10: done=True fid=0.355
    barenco_tof_4.qasm state5 act9: done=True fid=0.4124
    barenco_tof_4.qasm state5 act10: done=True fid=0.6036
    barenco_tof_4.qasm state5 act13: done=True fid=0.5915
    barenco_tof_4.qasm state5 act12: done=True fid=0.4121
    barenco_tof_4.qasm state6 act12: done=True fid=0.4124
    barenco_tof_4.qasm state6 act13: done=True fid=0.5894
    barenco_tof_4.qasm state6 act10: done=True fid=0.4591
    barenco_tof_4.qasm state6 act9: done=True fid=0.4674
    barenco_tof_4.qasm state7 act12: done=True fid=0.4124
    barenco_tof_4.qasm state7 act8: done=True fid=0.5086
    barenco_tof_4.qasm state7 act14: done=True fid=0.5876
    barenco_tof_4.qasm state7 act11: done=True fid=0.385
barenco_tof_4.qasm: 8 states sampled, total rows=120
    barenco_tof_5.qasm state0 act9: done=True fid=0.2097
    barenco_tof_5.qasm state0 act5: done=True fid=0.318
    barenco_tof_5.qasm state0 act8: done=True fid=0.2726
    barenco_tof_5.qasm state0 act6: done=True fid=0.1949
    barenco_tof_5.qasm state1 act7: done=True fid=0.2097
    barenco_tof_5.qasm state1 act9: done=True fid=0.1951
    barenco_tof_5.qasm state1 act10: done=True fid=0.4228
    barenco_tof_5.qasm state1 act14: done=True fid=0.3329
    barenco_tof_5.qasm state2 act5: done=True fid=0.2097
    barenco_tof_5.qasm state2 act9: done=True fid=0.2097
    barenco_tof_5.qasm state2 act6: done=True fid=0.3315
    barenco_tof_5.qasm state2 act8: done=True fid=0.3311
    barenco_tof_5.qasm state3 act9: done=True fid=0.2097
    barenco_tof_5.qasm state3 act8: done=True fid=0.3316
    barenco_tof_5.qasm state3 act6: done=True fid=0.2098
    barenco_tof_5.qasm state3 act5: done=True fid=0.3609
    barenco_tof_5.qasm state4 act13: done=True fid=0.2097
    barenco_tof_5.qasm state4 act12: done=True fid=0.3857
    barenco_tof_5.qasm state4 act10: done=True fid=0.2295
    barenco_tof_5.qasm state4 act9: done=True fid=0.2893
    barenco_tof_5.qasm state5 act17: done=True fid=0.2097
    barenco_tof_5.qasm state5 act16: done=True fid=0.2327
    barenco_tof_5.qasm state5 act11: done=True fid=0.2887
    barenco_tof_5.qasm state5 act12: done=True fid=0.3876
    barenco_tof_5.qasm state6 act4: done=True fid=0.2097
    barenco_tof_5.qasm state6 act16: done=True fid=0.1371
    barenco_tof_5.qasm state6 act17: done=True fid=0.4572
    barenco_tof_5.qasm state6 act3: done=True fid=0.2989
    barenco_tof_5.qasm state7 act8: done=True fid=0.2097
    barenco_tof_5.qasm state7 act16: done=True fid=0.137
    barenco_tof_5.qasm state7 act17: done=True fid=0.4572
    barenco_tof_5.qasm state7 act0: done=True fid=0.1237
barenco_tof_5.qasm: 8 states sampled, total rows=144

=== 诊断结果（144 个 (state, action) 样本）===
Spearman ρ(ΔF(a_i), F_final(a_i)) = 0.142 (p=0.0906)
