barenco_tof_10.qasm [l05] q=19 T=64 sw=189 fid=0.0291 (-1788440676s)
barenco_tof_3.qasm [l05] q=5 T=16 sw=15 fid=0.5277 (-1788442368s)
barenco_tof_4.qasm [l05] q=7 T=16 sw=23 fid=0.1254 (-1788442368s)
barenco_tof_5.qasm [l05] q=9 T=16 sw=41 fid=0.0473 (-1788442368s)
csla_mux_3.qasm [l05] q=15 T=64 sw=54 fid=0.0548 (-1788442355s)
gf2^4_mult.qasm [l05] q=12 T=32 sw=57 fid=0.0616 (-1788442360s)
gf2^5_mult.qasm [l05] q=15 T=64 sw=103 fid=0.0227 (-1788442322s)
gf2^6_mult.qasm [l05] q=18 T=64 sw=163 fid=0.0188 (-1788441733s)
grover_5.qasm [l05] q=9 T=16 sw=149 fid=0.0001 (-1788442367s)
hwb6.qasm [l05] q=7 T=16 sw=57 fid=0.0001 (-1788442368s)
mod5_4.qasm [l05] q=5 T=16 sw=15 fid=0.4296 (-1788442368s)
mod_mult_55.qasm [l05] q=9 T=16 sw=30 fid=0.0000 (-1788442368s)
mod_red_21.qasm [l05] q=11 T=32 sw=72 fid=0.1750 (-1788442350s)
rc_adder_6.qasm [l05] q=14 T=32 sw=68 fid=0.0000 (-1788442354s)
tof_10.qasm [l05] q=19 T=64 sw=109 fid=0.0318 (-1788441940s)
tof_3.qasm [l05] q=5 T=16 sw=11 fid=0.4986 (-1788442368s)
tof_4.qasm [l05] q=7 T=16 sw=19 fid=0.1550 (-1788442368s)
tof_5.qasm [l05] q=9 T=16 sw=25 fid=0.1305 (-1788442368s)
vbe_adder_3.qasm [l05] q=10 T=32 sw=48 fid=0.0650 (-1788442367s)
=== l05 汇总（混合精度 T, seed=42）===
Fid mean: 0.1249  logmean: 0.0104  SWAPs: 65.7
ALL DONE
