Topo: ../traindata/topo/tianyan176_20q.json (20 qubits, 29 edges)
Label map: ../traindata/topo/tianyan176_20q_labels.json
Model: ../models/policy_p2c_ema_best.pt (nam_p2c_beam3)
Circuits: 19 files in ../benchmark/nam_circs
  OK barenco_tof_10.qasm: 19q, swaps=93, map_swaps=5, fid=--, 82409ms
  OK barenco_tof_3.qasm: 5q, swaps=8, map_swaps=1, fid=--, 4921ms
  OK barenco_tof_4.qasm: 7q, swaps=17, map_swaps=1, fid=--, 11654ms
  OK barenco_tof_5.qasm: 9q, swaps=22, map_swaps=1, fid=--, 15223ms
  OK csla_mux_3.qasm: 15q, swaps=41, map_swaps=0, fid=--, 27258ms
  OK gf2^4_mult.qasm: 12q, swaps=53, map_swaps=1, fid=--, 45289ms
  OK gf2^5_mult.qasm: 15q, swaps=85, map_swaps=2, fid=--, 68071ms
  OK gf2^6_mult.qasm: 18q, swaps=125, map_swaps=1, fid=--, 102484ms
  OK grover_5.qasm: 9q, swaps=102, map_swaps=0, fid=--, 103341ms
  OK hwb6.qasm: 7q, swaps=40, map_swaps=4, fid=--, 39574ms
  OK mod5_4.qasm: 5q, swaps=9, map_swaps=1, fid=--, 5779ms
  OK mod_mult_55.qasm: 9q, swaps=15, map_swaps=3, fid=--, 11450ms
  OK mod_red_21.qasm: 11q, swaps=44, map_swaps=0, fid=--, 37049ms
  OK rc_adder_6.qasm: 14q, swaps=36, map_swaps=0, fid=--, 24296ms
  OK tof_10.qasm: 19q, swaps=62, map_swaps=2, fid=--, 55747ms
  OK tof_3.qasm: 5q, swaps=6, map_swaps=0, fid=--, 4331ms
  OK tof_4.qasm: 7q, swaps=10, map_swaps=0, fid=--, 6916ms
  OK tof_5.qasm: 9q, swaps=16, map_swaps=0, fid=--, 10411ms
  OK vbe_adder_3.qasm: 10q, swaps=26, map_swaps=2, fid=--, 16230ms

=== Summary (nam_p2c_beam3) ===
Routed: 19/19
Skipped: 0
Fidelity: N/A
SWAPs: mean=42.6, min=6, max=125
