Topo: ../traindata/topo/tianyan176_20q.json (20 qubits, 29 edges)
Label map: ../traindata/topo/tianyan176_20q_labels.json
Model: ../models/policy_p2a_ema_best.pt (nam_p2a_beam3)
Circuits: 19 files in ../benchmark/nam_circs
  OK barenco_tof_10.qasm: 19q, swaps=87, map_swaps=5, fid=--, 81516ms
  OK barenco_tof_3.qasm: 5q, swaps=9, map_swaps=1, fid=--, 5735ms
  OK barenco_tof_4.qasm: 7q, swaps=17, map_swaps=1, fid=--, 11546ms
  OK barenco_tof_5.qasm: 9q, swaps=23, map_swaps=1, fid=--, 16232ms
  OK csla_mux_3.qasm: 15q, swaps=50, map_swaps=0, fid=--, 32332ms
  OK gf2^4_mult.qasm: 12q, swaps=48, map_swaps=1, fid=--, 40794ms
  OK gf2^5_mult.qasm: 15q, swaps=83, map_swaps=2, fid=--, 70993ms
  OK gf2^6_mult.qasm: 18q, swaps=123, map_swaps=1, fid=--, 101968ms
  OK grover_5.qasm: 9q, swaps=101, map_swaps=0, fid=--, 103992ms
  OK hwb6.qasm: 7q, swaps=40, map_swaps=3, fid=--, 34957ms
  OK mod5_4.qasm: 5q, swaps=8, map_swaps=1, fid=--, 5323ms
  OK mod_mult_55.qasm: 9q, swaps=16, map_swaps=3, fid=--, 11974ms
  OK mod_red_21.qasm: 11q, swaps=45, map_swaps=0, fid=--, 37697ms
  OK rc_adder_6.qasm: 14q, swaps=38, map_swaps=0, fid=--, 24632ms
  OK tof_10.qasm: 19q, swaps=63, map_swaps=2, fid=--, 53159ms
  OK tof_3.qasm: 5q, swaps=6, map_swaps=0, fid=--, 3774ms
  OK tof_4.qasm: 7q, swaps=9, map_swaps=0, fid=--, 6223ms
  OK tof_5.qasm: 9q, swaps=16, map_swaps=0, fid=--, 10253ms
  OK vbe_adder_3.qasm: 10q, swaps=26, map_swaps=2, fid=--, 15724ms

=== Summary (nam_p2a_beam3) ===
Routed: 19/19
Skipped: 0
Fidelity: N/A
SWAPs: mean=42.5, min=6, max=123
