=== nam_sref_final ===
  barenco_tof_10.json: 19q, swaps=174, fid=0.1459
  barenco_tof_3.json: 5q, swaps=12, fid=0.7399
  barenco_tof_4.json: 7q, swaps=24, fid=0.3315
  barenco_tof_5.json: 9q, swaps=46, fid=0.4146
  csla_mux_3.json: 15q, swaps=49, fid=0.1091
  gf2^4_mult.json: 12q, swaps=59, fid=0.0860
  gf2^5_mult.json: 15q, swaps=97, fid=0.0185
  gf2^6_mult.json: 18q, swaps=187, fid=0.0251
  grover_5.json: 9q, swaps=122, fid=0.0032
  hwb6.json: 7q, swaps=55, fid=0.0444
  mod5_4.json: 5q, swaps=14, fid=0.4958
  mod_mult_55.json: 9q, swaps=30, fid=0.0913
  mod_red_21.json: 11q, swaps=75, fid=0.0639
  rc_adder_6.json: 14q, swaps=42, fid=0.0394
  tof_10.json: 19q, swaps=103, fid=0.2215
  tof_3.json: 5q, swaps=11, fid=0.8465
  tof_4.json: 7q, swaps=16, fid=0.5208
  tof_5.json: 9q, swaps=16, fid=0.4382
  vbe_adder_3.json: 10q, swaps=43, fid=0.1223
  mean_fid=0.2504 (19 ctks)
=== nam_sref_final done ===
ALL DONE
