Topo: ../traindata/topo/tianyan176_20q.json (20 qubits, 29 edges)
Label map: ../traindata/topo/tianyan176_20q_labels.json
Model: ../models/policy_nam_l05_finetune_v2.pt (nam_l05_v2_beam3)
Circuits: 19 files in ../benchmark/nam_circs
  OK barenco_tof_10.qasm: 19q, swaps=100, map_swaps=0, fid=--, 6383ms
  OK barenco_tof_3.qasm: 5q, swaps=7, map_swaps=1, fid=--, 121ms
  OK barenco_tof_4.qasm: 7q, swaps=17, map_swaps=1, fid=--, 352ms
  OK barenco_tof_5.qasm: 9q, swaps=24, map_swaps=1, fid=--, 625ms
  OK csla_mux_3.qasm: 15q, swaps=37, map_swaps=0, fid=--, 916ms
  OK gf2^4_mult.qasm: 12q, swaps=47, map_swaps=0, fid=--, 1402ms
  OK gf2^5_mult.qasm: 15q, swaps=84, map_swaps=0, fid=--, 3514ms
  OK gf2^6_mult.qasm: 18q, swaps=156, map_swaps=1, fid=--, 8358ms
  OK grover_5.qasm: 9q, swaps=103, map_swaps=0, fid=--, 8430ms
  OK hwb6.qasm: 7q, swaps=45, map_swaps=0, fid=--, 1502ms
  OK mod5_4.qasm: 5q, swaps=9, map_swaps=1, fid=--, 151ms
  OK mod_mult_55.qasm: 9q, swaps=22, map_swaps=1, fid=--, 435ms
  OK mod_red_21.qasm: 11q, swaps=53, map_swaps=0, fid=--, 1774ms
  OK rc_adder_6.qasm: 14q, swaps=32, map_swaps=0, fid=--, 876ms
  OK tof_10.qasm: 19q, swaps=75, map_swaps=0, fid=--, 2308ms
  OK tof_3.qasm: 5q, swaps=6, map_swaps=0, fid=--, 85ms
  OK tof_4.qasm: 7q, swaps=9, map_swaps=0, fid=--, 148ms
  OK tof_5.qasm: 9q, swaps=15, map_swaps=0, fid=--, 279ms
  OK vbe_adder_3.qasm: 10q, swaps=30, map_swaps=0, fid=--, 695ms

=== Summary (nam_l05_v2_beam3) ===
Routed: 19/19
Skipped: 0
Fidelity: N/A
SWAPs: mean=45.8, min=6, max=156
