Topo: ../traindata/topo/tianyan176_20q.json (20 qubits, 29 edges)
Label map: ../traindata/topo/tianyan176_20q_labels.json
Model: ../models/policy_nam_sref_ft_v1.pt (nam_sref_final)
Circuits: 19 files in ../benchmark/nam_circs
  OK barenco_tof_10.qasm: 19q, swaps=174, map_swaps=0, fid=--, 3317ms
  OK barenco_tof_3.qasm: 5q, swaps=12, map_swaps=1, fid=--, 77ms
  OK barenco_tof_4.qasm: 7q, swaps=24, map_swaps=1, fid=--, 186ms
  OK barenco_tof_5.qasm: 9q, swaps=46, map_swaps=1, fid=--, 418ms
  OK csla_mux_3.qasm: 15q, swaps=49, map_swaps=0, fid=--, 447ms
  OK gf2^4_mult.qasm: 12q, swaps=59, map_swaps=1, fid=--, 650ms
  OK gf2^5_mult.qasm: 15q, swaps=97, map_swaps=2, fid=--, 1459ms
  OK gf2^6_mult.qasm: 18q, swaps=187, map_swaps=1, fid=--, 3607ms
  OK grover_5.qasm: 9q, swaps=122, map_swaps=0, fid=--, 3716ms
  OK hwb6.qasm: 7q, swaps=55, map_swaps=0, fid=--, 680ms
  OK mod5_4.qasm: 5q, swaps=14, map_swaps=1, fid=--, 88ms
  OK mod_mult_55.qasm: 9q, swaps=30, map_swaps=1, fid=--, 226ms
  OK mod_red_21.qasm: 11q, swaps=75, map_swaps=0, fid=--, 918ms
  OK rc_adder_6.qasm: 14q, swaps=42, map_swaps=0, fid=--, 431ms
  OK tof_10.qasm: 19q, swaps=103, map_swaps=2, fid=--, 1183ms
  OK tof_3.qasm: 5q, swaps=11, map_swaps=0, fid=--, 58ms
  OK tof_4.qasm: 7q, swaps=16, map_swaps=0, fid=--, 98ms
  OK tof_5.qasm: 9q, swaps=16, map_swaps=0, fid=--, 117ms
  OK vbe_adder_3.qasm: 10q, swaps=43, map_swaps=0, fid=--, 360ms

=== Summary (nam_sref_final) ===
Routed: 19/19
Skipped: 0
Fidelity: N/A
SWAPs: mean=61.8, min=11, max=187
