=== nam_p2a_beam3 ===
  barenco_tof_10.json: 19q, swaps=87, fid=0.0282
  barenco_tof_3.json: 5q, swaps=9, fid=0.7153
  barenco_tof_4.json: 7q, swaps=17, fid=0.4846
  barenco_tof_5.json: 9q, swaps=23, fid=0.4633
  csla_mux_3.json: 15q, swaps=50, fid=0.3422
  gf2^4_mult.json: 12q, swaps=48, fid=0.1690
  gf2^5_mult.json: 15q, swaps=83, fid=0.1663
  gf2^6_mult.json: 18q, swaps=123, fid=0.0883
  grover_5.json: 9q, swaps=101, fid=0.0000
  hwb6.json: 7q, swaps=40, fid=0.0048
  mod5_4.json: 5q, swaps=8, fid=0.4029
  mod_mult_55.json: 9q, swaps=16, fid=0.0259
  mod_red_21.json: 11q, swaps=45, fid=0.1324
  rc_adder_6.json: 14q, swaps=38, fid=0.1648
  tof_10.json: 19q, swaps=63, fid=0.4000
  tof_3.json: 5q, swaps=6, fid=0.8183
  tof_4.json: 7q, swaps=9, fid=0.6279
  tof_5.json: 9q, swaps=16, fid=0.5009
  vbe_adder_3.json: 10q, swaps=26, fid=0.0768
  mean_fid=0.2954 (19 ctks)
=== nam_p2a_beam3 done ===
ALL DONE
