Topo: ../traindata/topo/tianyan176_20q.json (20 qubits, 29 edges)
Label map: ../traindata/topo/tianyan176_20q_labels.json
Model: ../models/policy_nam_sref_ft_v1_ema_best.pt (nam_sref_v1)
Circuits: 19 files in ../benchmark/nam_circs
  OK barenco_tof_10.qasm: 19q, swaps=151, map_swaps=0, fid=--, 6039ms
  OK barenco_tof_3.qasm: 5q, swaps=14, map_swaps=1, fid=--, 128ms
  OK barenco_tof_4.qasm: 7q, swaps=19, map_swaps=1, fid=--, 264ms
  OK barenco_tof_5.qasm: 9q, swaps=38, map_swaps=1, fid=--, 723ms
  OK csla_mux_3.qasm: 15q, swaps=62, map_swaps=0, fid=--, 1280ms
  OK gf2^4_mult.qasm: 12q, swaps=55, map_swaps=1, fid=--, 1859ms
  OK gf2^5_mult.qasm: 15q, swaps=95, map_swaps=2, fid=--, 2497ms
  OK gf2^6_mult.qasm: 18q, swaps=162, map_swaps=1, fid=--, 5596ms
  OK grover_5.qasm: 9q, swaps=135, map_swaps=0, fid=--, 5949ms
  OK hwb6.qasm: 7q, swaps=59, map_swaps=0, fid=--, 1689ms
  OK mod5_4.qasm: 5q, swaps=13, map_swaps=1, fid=--, 120ms
  OK mod_mult_55.qasm: 9q, swaps=19, map_swaps=3, fid=--, 483ms
  OK mod_red_21.qasm: 11q, swaps=75, map_swaps=0, fid=--, 1712ms
  OK rc_adder_6.qasm: 14q, swaps=62, map_swaps=0, fid=--, 1281ms
  OK tof_10.qasm: 19q, swaps=85, map_swaps=2, fid=--, 1879ms
  OK tof_3.qasm: 5q, swaps=11, map_swaps=0, fid=--, 87ms
  OK tof_4.qasm: 7q, swaps=12, map_swaps=0, fid=--, 124ms
  OK tof_5.qasm: 9q, swaps=20, map_swaps=0, fid=--, 240ms
  OK vbe_adder_3.qasm: 10q, swaps=45, map_swaps=0, fid=--, 668ms

=== Summary (nam_sref_v1) ===
Routed: 19/19
Skipped: 0
Fidelity: N/A
SWAPs: mean=59.6, min=11, max=162
