Topo: ../traindata/topo/tianyan176_20q.json (20 qubits, 29 edges)
Label map: ../traindata/topo/tianyan176_20q_labels.json
Model: ../models/policy_p2a_ema_best.pt (nam_p2a)
Circuits: 19 files in ../benchmark/nam_circs
  OK barenco_tof_10.qasm: 19q, swaps=171, map_swaps=0, fid=--, 98877ms
  OK barenco_tof_3.qasm: 5q, swaps=11, map_swaps=1, fid=--, 4989ms
  OK barenco_tof_4.qasm: 7q, swaps=24, map_swaps=1, fid=--, 10610ms
  OK barenco_tof_5.qasm: 9q, swaps=42, map_swaps=1, fid=--, 20240ms
  OK csla_mux_3.qasm: 15q, swaps=45, map_swaps=0, fid=--, 21317ms
  OK gf2^4_mult.qasm: 12q, swaps=57, map_swaps=1, fid=--, 27590ms
  OK gf2^5_mult.qasm: 15q, swaps=99, map_swaps=2, fid=--, 58677ms
  OK gf2^6_mult.qasm: 18q, swaps=193, map_swaps=1, fid=--, 110444ms
  OK grover_5.qasm: 9q, swaps=157, map_swaps=0, fid=--, 128349ms
  OK hwb6.qasm: 7q, swaps=66, map_swaps=0, fid=--, 39201ms
  OK mod5_4.qasm: 5q, swaps=14, map_swaps=1, fid=--, 5808ms
  OK mod_mult_55.qasm: 9q, swaps=24, map_swaps=3, fid=--, 10540ms
  OK mod_red_21.qasm: 11q, swaps=86, map_swaps=0, fid=--, 48541ms
  OK rc_adder_6.qasm: 14q, swaps=62, map_swaps=0, fid=--, 29229ms
  OK tof_10.qasm: 19q, swaps=98, map_swaps=2, fid=--, 49227ms
  OK tof_3.qasm: 5q, swaps=11, map_swaps=0, fid=--, 2728ms
  OK tof_4.qasm: 7q, swaps=19, map_swaps=0, fid=--, 4789ms
  OK tof_5.qasm: 9q, swaps=22, map_swaps=0, fid=--, 5187ms
  OK vbe_adder_3.qasm: 10q, swaps=46, map_swaps=0, fid=--, 9483ms

=== Summary (nam_p2a) ===
Routed: 19/19
Skipped: 0
Fidelity: N/A
SWAPs: mean=65.6, min=11, max=193
