barenco_tof_10.qasm [l05] sw=189 fid_v1=0.2152 (575s)
barenco_tof_3.qasm [l05] sw=15 fid_v1=0.7629 (0s)
barenco_tof_4.qasm [l05] sw=23 fid_v1=0.4826 (0s)
barenco_tof_5.qasm [l05] sw=41 fid_v1=0.3088 (0s)
csla_mux_3.qasm [l05] sw=54 fid_v1=0.2566 (3s)
gf2^4_mult.qasm [l05] sw=57 fid_v1=0.1989 (4s)
gf2^5_mult.qasm [l05] sw=103 fid_v1=0.1473 (12s)
gf2^6_mult.qasm [l05] sw=163 fid_v1=0.0650 (329s)
grover_5.qasm [l05] sw=149 fid_v1=0.0033 (1s)
hwb6.qasm [l05] sw=57 fid_v1=0.1288 (0s)
mod5_4.qasm [l05] sw=15 fid_v1=0.5536 (0s)
mod_mult_55.qasm [l05] sw=30 fid_v1=0.1655 (0s)
mod_red_21.qasm [l05] sw=72 fid_v1=0.1215 (8s)
rc_adder_6.qasm [l05] sw=68 fid_v1=0.1608 (6s)
tof_10.qasm [l05] sw=109 fid_v1=0.1235 (162s)
tof_3.qasm [l05] sw=11 fid_v1=0.8198 (0s)
tof_4.qasm [l05] sw=19 fid_v1=0.7138 (0s)
tof_5.qasm [l05] sw=25 fid_v1=0.6041 (0s)
vbe_adder_3.qasm [l05] sw=48 fid_v1=0.4543 (1s)
barenco_tof_10.qasm [l05_beam5] sw=95 fid_v1=0.1794 (292s)
barenco_tof_3.qasm [l05_beam5] sw=8 fid_v1=0.7297 (0s)
barenco_tof_4.qasm [l05_beam5] sw=16 fid_v1=0.5550 (0s)
barenco_tof_5.qasm [l05_beam5] sw=23 fid_v1=0.2883 (0s)
csla_mux_3.qasm [l05_beam5] sw=40 fid_v1=0.1186 (3s)
gf2^4_mult.qasm [l05_beam5] sw=47 fid_v1=0.2213 (2s)
gf2^5_mult.qasm [l05_beam5] sw=84 fid_v1=0.0844 (6s)
gf2^6_mult.qasm [l05_beam5] sw=129 fid_v1=0.0709 (155s)
grover_5.qasm [l05_beam5] sw=101 fid_v1=0.0001 (2s)
hwb6.qasm [l05_beam5] sw=39 fid_v1=0.0000 (0s)
mod5_4.qasm [l05_beam5] sw=8 fid_v1=0.4568 (0s)
mod_mult_55.qasm [l05_beam5] sw=15 fid_v1=0.1780 (0s)
mod_red_21.qasm [l05_beam5] sw=43 fid_v1=0.1034 (2s)
rc_adder_6.qasm [l05_beam5] sw=33 fid_v1=0.0844 (20s)
tof_10.qasm [l05_beam5] sw=67 fid_v1=0.1449 (156s)
tof_3.qasm [l05_beam5] sw=6 fid_v1=0.7247 (0s)
tof_4.qasm [l05_beam5] sw=9 fid_v1=0.6279 (0s)
tof_5.qasm [l05_beam5] sw=16 fid_v1=0.5303 (0s)
vbe_adder_3.qasm [l05_beam5] sw=27 fid_v1=0.2899 (0s)
barenco_tof_10.qasm [r3] sw=141 fid_v1=0.0940 (273s)
barenco_tof_3.qasm [r3] sw=12 fid_v1=0.6523 (0s)
barenco_tof_4.qasm [r3] sw=25 fid_v1=0.4710 (0s)
barenco_tof_5.qasm [r3] sw=42 fid_v1=0.1830 (1s)
csla_mux_3.qasm [r3] sw=57 fid_v1=0.2136 (6s)
gf2^4_mult.qasm [r3] sw=107 fid_v1=0.1534 (1s)
gf2^5_mult.qasm [r3] sw=137 fid_v1=0.0911 (12s)
gf2^6_mult.qasm [r3] sw=196 fid_v1=0.0774 (152s)
grover_5.qasm [r3] sw=146 fid_v1=0.0005 (0s)
hwb6.qasm [r3] sw=75 fid_v1=0.0000 (0s)
mod5_4.qasm [r3] sw=15 fid_v1=0.4898 (0s)
mod_mult_55.qasm [r3] sw=27 fid_v1=0.0584 (0s)
mod_red_21.qasm [r3] sw=61 fid_v1=0.2011 (2s)
rc_adder_6.qasm [r3] sw=65 fid_v1=0.0000 (2s)
tof_10.qasm [r3] sw=106 fid_v1=0.1927 (161s)
tof_3.qasm [r3] sw=11 fid_v1=0.6578 (0s)
tof_4.qasm [r3] sw=13 fid_v1=0.5624 (0s)
tof_5.qasm [r3] sw=24 fid_v1=0.3688 (0s)
vbe_adder_3.qasm [r3] sw=51 fid_v1=0.3386 (1s)
barenco_tof_10.qasm [r3b] sw=156 fid_v1=0.0806 (582s)
barenco_tof_3.qasm [r3b] sw=17 fid_v1=0.5745 (0s)
barenco_tof_4.qasm [r3b] sw=18 fid_v1=0.3034 (0s)
barenco_tof_5.qasm [r3b] sw=32 fid_v1=0.1751 (0s)
csla_mux_3.qasm [r3b] sw=59 fid_v1=0.1854 (7s)
gf2^4_mult.qasm [r3b] sw=81 fid_v1=0.1293 (9s)
gf2^5_mult.qasm [r3b] sw=93 fid_v1=0.1212 (33s)
gf2^6_mult.qasm [r3b] sw=174 fid_v1=0.0649 (162s)
grover_5.qasm [r3b] sw=193 fid_v1=0.0018 (2s)
hwb6.qasm [r3b] sw=58 fid_v1=0.0256 (0s)
mod5_4.qasm [r3b] sw=18 fid_v1=0.4291 (0s)
mod_mult_55.qasm [r3b] sw=43 fid_v1=0.1200 (0s)
mod_red_21.qasm [r3b] sw=66 fid_v1=0.1380 (1s)
rc_adder_6.qasm [r3b] sw=67 fid_v1=0.1682 (4s)
tof_10.qasm [r3b] sw=69 fid_v1=0.2005 (154s)
tof_3.qasm [r3b] sw=9 fid_v1=0.6980 (0s)
tof_4.qasm [r3b] sw=12 fid_v1=0.4116 (0s)
tof_5.qasm [r3b] sw=19 fid_v1=0.4301 (0s)
vbe_adder_3.qasm [r3b] sw=39 fid_v1=0.4194 (0s)
barenco_tof_10.qasm [r3b_beam5] sw=96 fid_v1=0.1722 (294s)
barenco_tof_3.qasm [r3b_beam5] sw=8 fid_v1=0.6424 (0s)
barenco_tof_4.qasm [r3b_beam5] sw=18 fid_v1=0.4502 (0s)
barenco_tof_5.qasm [r3b_beam5] sw=26 fid_v1=0.2793 (0s)
csla_mux_3.qasm [r3b_beam5] sw=47 fid_v1=0.5043 (18s)
gf2^4_mult.qasm [r3b_beam5] sw=57 fid_v1=0.1448 (1s)
gf2^5_mult.qasm [r3b_beam5] sw=77 fid_v1=0.2250 (13s)
gf2^6_mult.qasm [r3b_beam5] sw=119 fid_v1=0.1001 (152s)
grover_5.qasm [r3b_beam5] sw=112 fid_v1=0.0013 (1s)
hwb6.qasm [r3b_beam5] sw=40 fid_v1=0.0142 (0s)
mod5_4.qasm [r3b_beam5] sw=10 fid_v1=0.3586 (0s)
mod_mult_55.qasm [r3b_beam5] sw=19 fid_v1=0.3213 (0s)
mod_red_21.qasm [r3b_beam5] sw=53 fid_v1=0.1140 (0s)
rc_adder_6.qasm [r3b_beam5] sw=43 fid_v1=0.2320 (2s)
tof_10.qasm [r3b_beam5] sw=74 fid_v1=0.2950 (161s)
tof_3.qasm [r3b_beam5] sw=6 fid_v1=0.7958 (0s)
tof_4.qasm [r3b_beam5] sw=10 fid_v1=0.6994 (0s)
tof_5.qasm [r3b_beam5] sw=14 fid_v1=0.6661 (0s)
vbe_adder_3.qasm [r3b_beam5] sw=26 fid_v1=0.3829 (0s)
barenco_tof_10.qasm [SABRE] sw=103 fid_v1=0.0715 (283s)
barenco_tof_3.qasm [SABRE] sw=9 fid_v1=0.7467 (0s)
barenco_tof_4.qasm [SABRE] sw=30 fid_v1=0.4454 (0s)
barenco_tof_5.qasm [SABRE] sw=26 fid_v1=0.1683 (0s)
csla_mux_3.qasm [SABRE] sw=39 fid_v1=0.0341 (6s)
gf2^4_mult.qasm [SABRE] sw=50 fid_v1=0.2348 (0s)
gf2^5_mult.qasm [SABRE] sw=72 fid_v1=0.0793 (13s)
gf2^6_mult.qasm [SABRE] sw=109 fid_v1=0.0314 (313s)
grover_5.qasm [SABRE] sw=119 fid_v1=0.0006 (2s)
hwb6.qasm [SABRE] sw=50 fid_v1=0.0000 (0s)
mod5_4.qasm [SABRE] sw=12 fid_v1=0.5122 (0s)
mod_mult_55.qasm [SABRE] sw=22 fid_v1=0.1554 (0s)
mod_red_21.qasm [SABRE] sw=48 fid_v1=0.0645 (2s)
rc_adder_6.qasm [SABRE] sw=38 fid_v1=0.1662 (20s)
tof_10.qasm [SABRE] sw=57 fid_v1=0.4264 (336s)
tof_3.qasm [SABRE] sw=11 fid_v1=0.7779 (0s)
tof_4.qasm [SABRE] sw=17 fid_v1=0.6570 (0s)
tof_5.qasm [SABRE] sw=17 fid_v1=0.4699 (0s)
vbe_adder_3.qasm [SABRE] sw=28 fid_v1=0.1779 (3s)

=== 汇总（v1 trajectory_sched x16, seed=0）===
model         Fid mean Fid logmean   SWAPs
l05             0.3309      0.2133    65.7
l05_beam5       0.2836      0.0795    42.4
r3              0.2530      0.0380    69.0
r3b             0.2461      0.1515    64.4
r3b_beam5       0.3368      0.1999    45.0
SABRE           0.2747      0.0721    45.1

规模段            l05 l05_beam5        r3       r3b r3b_beam5     SABRE   (fid mean)
15-19q      0.3309    0.2836    0.2530    0.2461    0.3368    0.2747

逐电路胜 SABRE 计数（fid_v1）:
  l05: 16/19
  l05_beam5: 11/19
  r3: 9/19
  r3b: 10/19
  r3b_beam5: 15/19
ALL DONE
