barenco_tof_10.qasm: [rB] q=20 sw=992 fid_v2=0.0312 (382s)
barenco_tof_3.qasm: [sabre] q=5 sw=9 fid_v2=0.6708 (0s)
barenco_tof_3.qasm: [rB] q=20 sw=996 fid_v2=0.0625 (219s)
barenco_tof_4.qasm: [sabre] q=7 sw=30 fid_v2=0.3623 (0s)
barenco_tof_4.qasm: [rB] q=20 sw=996 fid_v2=0.0626 (215s)
barenco_tof_5.qasm: [sabre] q=9 sw=26 fid_v2=0.2077 (0s)
barenco_tof_5.qasm: [rB] q=20 sw=993 fid_v2=0.0277 (218s)
csla_mux_3.qasm: [sabre] q=15 sw=39 fid_v2=0.0007 (6s)
csla_mux_3.qasm: [rB] q=20 sw=998 fid_v2=0.0117 (211s)
gf2^4_mult.qasm: [sabre] q=12 sw=50 fid_v2=0.1264 (0s)
gf2^4_mult.qasm: [rB] q=20 sw=997 fid_v2=0.0312 (219s)
gf2^5_mult.qasm: [sabre] q=15 sw=72 fid_v2=0.0080 (11s)
gf2^5_mult.qasm: [rB] q=20 sw=992 fid_v2=0.0195 (42s)
gf2^6_mult.qasm: [sabre] q=18 sw=109 fid_v2=0.0679 (124s)
gf2^6_mult.qasm: [rB] q=20 sw=994 fid_v2=0.0039 (874s)
grover_5.qasm: [sabre] q=9 sw=119 fid_v2=0.0000 (2s)
grover_5.qasm: [rB] q=20 sw=1655 fid_v2=0.0020 (327s)
hwb6.qasm: [sabre] q=7 sw=50 fid_v2=0.0000 (0s)
hwb6.qasm: [rB] q=20 sw=994 fid_v2=0.0000 (209s)
mod5_4.qasm: [sabre] q=5 sw=12 fid_v2=0.2632 (0s)
mod5_4.qasm: [rB] q=20 sw=997 fid_v2=0.2813 (215s)
mod_mult_55.qasm: [sabre] q=9 sw=22 fid_v2=0.0418 (0s)
mod_mult_55.qasm: [rB] q=20 sw=993 fid_v2=0.0000 (200s)
mod_red_21.qasm: [sabre] q=11 sw=48 fid_v2=0.1187 (2s)
mod_red_21.qasm: [rB] q=20 sw=996 fid_v2=0.0000 (208s)
rc_adder_6.qasm: [sabre] q=14 sw=38 fid_v2=0.0619 (13s)
rc_adder_6.qasm: [rB] q=20 sw=996 fid_v2=0.0273 (200s)
tof_10.qasm: [sabre] q=19 sw=57 fid_v2=0.3556 (160s)
tof_10.qasm: [rB] q=20 sw=996 fid_v2=0.0004 (398s)
tof_3.qasm: [sabre] q=5 sw=11 fid_v2=0.7861 (0s)
tof_3.qasm: [rB] q=20 sw=49 fid_v2=0.6572 (3s)
tof_4.qasm: [sabre] q=7 sw=17 fid_v2=0.5202 (0s)
tof_4.qasm: [rB] q=20 sw=998 fid_v2=0.3438 (93s)
tof_5.qasm: [sabre] q=9 sw=17 fid_v2=0.3360 (0s)
tof_5.qasm: [rB] q=20 sw=997 fid_v2=0.0625 (219s)
vbe_adder_3.qasm: [sabre] q=10 sw=28 fid_v2=0.4267 (2s)
vbe_adder_3.qasm: [rB] q=20 sw=993 fid_v2=0.0781 (214s)
=== 汇总 [rB] (trajectory_v2 x16, seed=0) ===
SWAPs mean:  sabre=45.1  rB=980.1
Fid mean:    sabre=0.2301  rB=0.0896
Fid logmean: sabre=0.0395  rB=0.0020
rB 胜 SABRE: 5/19
ALL DONE
