barenco_tof_10.qasm: [r3b] q=20 sw=156 fid_v2=0.0191 (342s)
barenco_tof_3.qasm: [r3b] q=20 sw=17 fid_v2=0.4146 (0s)
barenco_tof_4.qasm: [r3b] q=20 sw=18 fid_v2=0.3337 (0s)
barenco_tof_5.qasm: [r3b] q=20 sw=32 fid_v2=0.1620 (0s)
csla_mux_3.qasm: [r3b] q=20 sw=59 fid_v2=0.0908 (6s)
gf2^4_mult.qasm: [r3b] q=20 sw=81 fid_v2=0.1052 (8s)
gf2^5_mult.qasm: [r3b] q=20 sw=93 fid_v2=0.0835 (23s)
gf2^6_mult.qasm: [r3b] q=20 sw=174 fid_v2=0.1654 (86s)
grover_5.qasm: [r3b] q=20 sw=193 fid_v2=0.0000 (2s)
hwb6.qasm: [r3b] q=20 sw=58 fid_v2=0.0007 (0s)
mod5_4.qasm: [r3b] q=20 sw=18 fid_v2=0.3446 (0s)
mod_mult_55.qasm: [r3b] q=20 sw=43 fid_v2=0.0000 (0s)
mod_red_21.qasm: [r3b] q=20 sw=66 fid_v2=0.1806 (1s)
rc_adder_6.qasm: [r3b] q=20 sw=67 fid_v2=0.0505 (4s)
tof_10.qasm: [r3b] q=20 sw=69 fid_v2=0.2761 (72s)
tof_3.qasm: [r3b] q=20 sw=9 fid_v2=0.6034 (0s)
tof_4.qasm: [r3b] q=20 sw=12 fid_v2=0.4293 (0s)
tof_5.qasm: [r3b] q=20 sw=19 fid_v2=0.4695 (0s)
vbe_adder_3.qasm: [r3b] q=20 sw=39 fid_v2=0.2259 (0s)
=== 汇总 [r3b] (trajectory_v2 x16, seed=0) ===
SWAPs mean:  sabre=45.1  r3b=64.4
Fid mean:    sabre=0.2301  r3b=0.2081
Fid logmean: sabre=0.0395  r3b=0.0388
r3b 胜 SABRE: 8/19
ALL DONE
