barenco_tof_10.qasm [sabre] v1sem: 0.0243 (124s)
barenco_tof_10.qasm [sabre] noswap: 0.0336 (97s)
barenco_tof_10.qasm [l05] v1sem: 0.0453 (269s)
barenco_tof_10.qasm [l05] noswap: 0.0495 (218s)
barenco_tof_3.qasm [sabre] v1sem: 0.6406 (0s)
barenco_tof_3.qasm [sabre] noswap: 0.6524 (0s)
barenco_tof_3.qasm [l05] v1sem: 0.6297 (0s)
barenco_tof_3.qasm [l05] noswap: 0.6946 (0s)
barenco_tof_4.qasm [sabre] v1sem: 0.4228 (0s)
barenco_tof_4.qasm [sabre] noswap: 0.3269 (0s)
barenco_tof_4.qasm [l05] v1sem: 0.3630 (0s)
barenco_tof_4.qasm [l05] noswap: 0.4640 (0s)
barenco_tof_5.qasm [sabre] v1sem: 0.3314 (0s)
barenco_tof_5.qasm [sabre] noswap: 0.2933 (0s)
barenco_tof_5.qasm [l05] v1sem: 0.3016 (0s)
barenco_tof_5.qasm [l05] noswap: 0.3949 (0s)
csla_mux_3.qasm [sabre] v1sem: 0.2235 (5s)
csla_mux_3.qasm [sabre] noswap: 0.0363 (4s)
csla_mux_3.qasm [l05] v1sem: 0.1836 (3s)
csla_mux_3.qasm [l05] noswap: 0.2177 (2s)
gf2^4_mult.qasm [sabre] v1sem: 0.1167 (0s)
gf2^4_mult.qasm [sabre] noswap: 0.1242 (0s)
gf2^4_mult.qasm [l05] v1sem: 0.1749 (4s)
gf2^4_mult.qasm [l05] noswap: 0.2054 (3s)
gf2^5_mult.qasm [sabre] v1sem: 0.0498 (10s)
gf2^5_mult.qasm [sabre] noswap: 0.0693 (8s)
gf2^5_mult.qasm [l05] v1sem: 0.0217 (10s)
gf2^5_mult.qasm [l05] noswap: 0.0893 (8s)
gf2^6_mult.qasm [sabre] v1sem: 0.0679 (122s)
gf2^6_mult.qasm [sabre] noswap: 0.0898 (94s)
gf2^6_mult.qasm [l05] v1sem: 0.0807 (122s)
gf2^6_mult.qasm [l05] noswap: 0.0435 (95s)
grover_5.qasm [sabre] v1sem: 0.0001 (2s)
grover_5.qasm [sabre] noswap: 0.0000 (1s)
grover_5.qasm [l05] v1sem: 0.0001 (1s)
grover_5.qasm [l05] noswap: 0.0001 (1s)
hwb6.qasm [sabre] v1sem: 0.0002 (0s)
hwb6.qasm [sabre] noswap: 0.0000 (0s)
hwb6.qasm [l05] v1sem: 0.0000 (0s)
hwb6.qasm [l05] noswap: 0.0002 (0s)
mod5_4.qasm [sabre] v1sem: 0.5431 (0s)
mod5_4.qasm [sabre] noswap: 0.6284 (0s)
mod5_4.qasm [l05] v1sem: 0.5909 (0s)
mod5_4.qasm [l05] noswap: 0.5052 (0s)
mod_mult_55.qasm [sabre] v1sem: 0.2289 (0s)
mod_mult_55.qasm [sabre] noswap: 0.0593 (0s)
mod_mult_55.qasm [l05] v1sem: 0.0799 (0s)
mod_mult_55.qasm [l05] noswap: 0.0276 (0s)
mod_red_21.qasm [sabre] v1sem: 0.0955 (2s)
mod_red_21.qasm [sabre] noswap: 0.1157 (2s)
mod_red_21.qasm [l05] v1sem: 0.0456 (8s)
mod_red_21.qasm [l05] noswap: 0.2624 (6s)
rc_adder_6.qasm [sabre] v1sem: 0.0517 (12s)
rc_adder_6.qasm [sabre] noswap: 0.0000 (10s)
rc_adder_6.qasm [l05] v1sem: 0.0633 (6s)
rc_adder_6.qasm [l05] noswap: 0.0972 (5s)
tof_10.qasm [sabre] v1sem: 0.4028 (146s)
tof_10.qasm [sabre] noswap: 0.2767 (138s)
tof_10.qasm [l05] v1sem: 0.2456 (70s)
tof_10.qasm [l05] noswap: 0.3388 (53s)
tof_3.qasm [sabre] v1sem: 0.7820 (0s)
tof_3.qasm [sabre] noswap: 0.6215 (0s)
tof_3.qasm [l05] v1sem: 0.6893 (0s)
tof_3.qasm [l05] noswap: 0.7213 (0s)
tof_4.qasm [sabre] v1sem: 0.6331 (0s)
tof_4.qasm [sabre] noswap: 0.5421 (0s)
tof_4.qasm [l05] v1sem: 0.4777 (0s)
tof_4.qasm [l05] noswap: 0.5741 (0s)
tof_5.qasm [sabre] v1sem: 0.6336 (0s)
tof_5.qasm [sabre] noswap: 0.4494 (0s)
tof_5.qasm [l05] v1sem: 0.5685 (0s)
tof_5.qasm [l05] noswap: 0.5048 (0s)
vbe_adder_3.qasm [sabre] v1sem: 0.3627 (2s)
vbe_adder_3.qasm [sabre] noswap: 0.4028 (2s)
vbe_adder_3.qasm [l05] v1sem: 0.4240 (1s)
vbe_adder_3.qasm [l05] noswap: 0.1859 (0s)

=== 消融汇总 (NAM 19 电路, trajectory x16, seed=0) ===
setting       SABRE      l05  l05-SABRE
v1sem        0.2953   0.2624    -0.0329
noswap       0.2485   0.2830    +0.0345
full       (incomplete, skip)
v1实测         0.2747   0.3309    +0.0561   <- sanity：v1sem 应接近此行

归因（l05-SABRE 差值分解，v1sem→noswap→full）:
ALL DONE
