barenco_tof_10.qasm: [sabre] q=19 sw=103 fid_v2=0.0181 (145s)
barenco_tof_10.qasm: [r3b_ft] q=20 sw=982 fid_v2=0.1875 (2s)
barenco_tof_3.qasm: [sabre] q=5 sw=9 fid_v2=0.6708 (0s)
barenco_tof_3.qasm: [r3b_ft] q=20 sw=58 fid_v2=0.3734 (0s)
barenco_tof_4.qasm: [sabre] q=7 sw=30 fid_v2=0.3623 (0s)
barenco_tof_4.qasm: [r3b_ft] q=20 sw=994 fid_v2=0.1250 (228s)
barenco_tof_5.qasm: [sabre] q=9 sw=26 fid_v2=0.2077 (0s)
barenco_tof_5.qasm: [r3b_ft] q=20 sw=992 fid_v2=0.3750 (226s)
csla_mux_3.qasm: [sabre] q=15 sw=39 fid_v2=0.0007 (6s)
csla_mux_3.qasm: [r3b_ft] q=20 sw=986 fid_v2=0.0117 (861s)
gf2^4_mult.qasm: [sabre] q=12 sw=50 fid_v2=0.1264 (0s)
gf2^4_mult.qasm: [r3b_ft] q=20 sw=989 fid_v2=0.0625 (212s)
gf2^5_mult.qasm: [sabre] q=15 sw=72 fid_v2=0.0080 (10s)
gf2^5_mult.qasm: [r3b_ft] q=20 sw=986 fid_v2=0.0273 (86s)
gf2^6_mult.qasm: [sabre] q=18 sw=109 fid_v2=0.0679 (132s)
gf2^6_mult.qasm: [r3b_ft] q=20 sw=983 fid_v2=0.0157 (35s)
grover_5.qasm: [sabre] q=9 sw=119 fid_v2=0.0000 (2s)
grover_5.qasm: [r3b_ft] q=20 sw=1654 fid_v2=0.0010 (328s)
hwb6.qasm: [sabre] q=7 sw=50 fid_v2=0.0000 (0s)
hwb6.qasm: [r3b_ft] q=20 sw=994 fid_v2=0.0000 (227s)
mod5_4.qasm: [sabre] q=5 sw=12 fid_v2=0.2632 (0s)
mod5_4.qasm: [r3b_ft] q=20 sw=389 fid_v2=0.0634 (389s)
mod_mult_55.qasm: [sabre] q=9 sw=22 fid_v2=0.0418 (0s)
mod_mult_55.qasm: [r3b_ft] q=20 sw=992 fid_v2=0.0000 (953s)
mod_red_21.qasm: [sabre] q=11 sw=48 fid_v2=0.1187 (2s)
mod_red_21.qasm: [r3b_ft] q=20 sw=990 fid_v2=0.0078 (410s)
rc_adder_6.qasm: [sabre] q=14 sw=38 fid_v2=0.0619 (14s)
rc_adder_6.qasm: [r3b_ft] q=20 sw=987 fid_v2=0.1250 (229s)
tof_10.qasm: [sabre] q=19 sw=57 fid_v2=0.3556 (167s)
tof_10.qasm: [r3b_ft] q=20 sw=982 fid_v2=0.0011 (197s)
tof_3.qasm: [sabre] q=5 sw=11 fid_v2=0.7861 (0s)
tof_3.qasm: [r3b_ft] q=20 sw=82 fid_v2=0.4619 (23s)
tof_4.qasm: [sabre] q=7 sw=17 fid_v2=0.5202 (0s)
tof_4.qasm: [r3b_ft] q=20 sw=994 fid_v2=0.2500 (228s)
tof_5.qasm: [sabre] q=9 sw=17 fid_v2=0.3360 (0s)
tof_5.qasm: [r3b_ft] q=20 sw=992 fid_v2=0.0469 (917s)
vbe_adder_3.qasm: [sabre] q=10 sw=28 fid_v2=0.4267 (2s)
vbe_adder_3.qasm: [r3b_ft] q=20 sw=991 fid_v2=0.0224 (864s)
=== 汇总 [r3b_ft] (trajectory_v2 x16, seed=0) ===
SWAPs mean:  sabre=45.1  r3b_ft=895.6
Fid mean:    sabre=0.2301  r3b_ft=0.1136
Fid logmean: sabre=0.0395  r3b_ft=0.0069
r3b_ft 胜 SABRE: 6/19
ALL DONE
