Topo: ../traindata/topo/tianyan287_20q.json (20 qubits, 31 edges)
Label map: ../traindata/topo/tianyan287_20q_labels.json
[load] missing keys (random init): ['critic_fid.0.weight', 'critic_fid.0.bias', 'critic_fid.2.weight', 'critic_fid.2.bias']
Model: ../models/policy_tianyan20q_laymix_l05_eta05.pt (l05)
Circuits: 18 files in /tmp/opencode/tianyan/quarl20
  OK barenco_tof_10_cost260.qasm: 19q, swaps=158, map_swaps=0, fid=--, 555ms
  OK barenco_tof_3_cost35.qasm: 5q, swaps=9, map_swaps=0, fid=--, 29ms
  OK barenco_tof_4_cost64.qasm: 7q, swaps=30, map_swaps=0, fid=--, 86ms
  OK barenco_tof_5_cost88.qasm: 9q, swaps=35, map_swaps=0, fid=--, 104ms
  OK csla_mux_3_cost142.qasm: 15q, swaps=56, map_swaps=0, fid=--, 178ms
  OK gf2_4_mult_cost178.qasm: 12q, swaps=85, map_swaps=0, fid=--, 293ms
  OK gf2_5_mult_cost291.qasm: 15q, swaps=166, map_swaps=0, fid=--, 599ms
  OK gf2_6_mult_cost428.qasm: 18q, swaps=240, map_swaps=0, fid=--, 997ms
  OK hwb6_cost214.qasm: 7q, swaps=70, map_swaps=2, fid=--, 239ms
  OK mod5_4_cost24.qasm: 5q, swaps=7, map_swaps=0, fid=--, 22ms
  OK mod_mult_55_cost86.qasm: 9q, swaps=23, map_swaps=0, fid=--, 69ms
  OK mod_red_21_cost187.qasm: 11q, swaps=75, map_swaps=0, fid=--, 236ms
  OK rc_adder_6_cost152.qasm: 14q, swaps=91, map_swaps=0, fid=--, 276ms
  OK tof_10_cost175.qasm: 19q, swaps=88, map_swaps=0, fid=--, 265ms
  OK tof_3_cost33.qasm: 5q, swaps=6, map_swaps=0, fid=--, 20ms
  OK tof_4_cost51.qasm: 7q, swaps=19, map_swaps=0, fid=--, 55ms
  OK tof_5_cost71.qasm: 9q, swaps=22, map_swaps=0, fid=--, 64ms
  OK vbe_adder_3_cost73.qasm: 10q, swaps=46, map_swaps=0, fid=--, 125ms

=== Summary (l05) ===
Routed: 18/18
Skipped: 0
Fidelity: N/A
SWAPs: mean=68.1, min=6, max=240
