[resume] models/policy_tianyan20q_ft_phase1_sched_fix_eta05.pt: step=0 best_metric=-1.00000
Split prefix: tianyan20q  (initial split: tianyan20q_phase1)
[sabre-cache] 复用缓存 models/sabre_cache_tianyan20q.pkl
[nam-circuits] 加载 19 个 NAM 电路（≤20q，概率 50%）
Loaded pretrained model: models/policy_tianyan20q_ft_phase1_sched_fix_eta05.pt
EMA enabled: decay=0.999
step=   256  rew=+112.622  swp=29.6  map=1.3  trunc=0%  pl=0.044  vl=1.236  ent=0.586  kl=0.1636  gn=1.863  time=28.1us  xtalk=0.161
step=   512  rew=+106.041  swp=27.4  map=0.9  trunc=0%  pl=0.013  vl=1.285  ent=0.551  kl=0.0469  gn=1.419  time=25.3us  xtalk=0.161
step=   768  rew=+95.433  swp=27.1  map=0.7  trunc=0%  pl=-0.001  vl=0.779  ent=0.789  kl=0.0335  gn=1.272  time=23.7us  xtalk=0.205
step=  1024  rew=+90.423  swp=25.6  map=0.5  trunc=0%  pl=0.029  vl=0.642  ent=0.712  kl=0.0516  gn=1.285  time=22.5us  xtalk=0.225
step=  1280  rew=+84.077  swp=21.9  map=0.7  trunc=0%  pl=0.026  vl=0.665  ent=0.679  kl=0.0683  gn=1.490  time=19.2us  xtalk=0.253
step=  1536  rew=+125.035  swp=34.9  map=0.9  trunc=0%  pl=-0.007  vl=0.585  ent=0.726  kl=0.0289  gn=1.303  time=28.7us  xtalk=0.181
step=  1792  rew=+141.036  swp=41.4  map=0.9  trunc=0%  pl=0.018  vl=0.643  ent=0.860  kl=0.0322  gn=1.532  time=33.2us  xtalk=0.193
step=  2048  rew=+90.922  swp=26.1  map=0.9  trunc=0%  pl=0.032  vl=0.600  ent=0.788  kl=0.2016  gn=1.780  time=21.0us  xtalk=0.247
step=  2304  rew=+144.946  swp=39.1  map=0.5  trunc=0%  pl=0.021  vl=0.693  ent=0.732  kl=0.0468  gn=1.295  time=34.4us  xtalk=0.229
step=  2560  rew=+152.980  swp=42.5  map=0.4  trunc=0%  pl=0.019  vl=0.696  ent=0.738  kl=0.0309  gn=1.203  time=37.0us  xtalk=0.193
step=  2816  rew=+151.212  swp=41.1  map=0.2  trunc=0%  pl=0.001  vl=0.427  ent=0.586  kl=0.0638  gn=1.136  time=36.8us  xtalk=0.161
step=  3072  rew=+176.474  swp=51.8  map=0.2  trunc=0%  pl=0.016  vl=0.360  ent=0.643  kl=0.1415  gn=1.248  time=45.9us  xtalk=0.156
step=  3328  rew=+138.065  swp=35.9  map=0.5  trunc=0%  pl=0.019  vl=0.343  ent=0.729  kl=0.0347  gn=1.253  time=35.3us  xtalk=0.182
step=  3584  rew=+80.951  swp=20.4  map=1.1  trunc=0%  pl=0.012  vl=0.493  ent=0.762  kl=0.0452  gn=1.194  time=16.9us  xtalk=0.242
step=  3840  rew=+98.144  swp=28.4  map=0.8  trunc=0%  pl=0.023  vl=0.457  ent=0.595  kl=0.1164  gn=1.139  time=23.1us  xtalk=0.220
step=  4096  rew=+99.454  swp=27.9  map=0.8  trunc=0%  pl=0.010  vl=0.412  ent=0.978  kl=0.0328  gn=1.369  time=23.9us  xtalk=0.241
step=  4352  rew=+125.553  swp=37.9  map=0.8  trunc=0%  pl=0.020  vl=0.428  ent=0.664  kl=0.0245  gn=1.934  time=31.7us  xtalk=0.212
step=  4608  rew=+121.159  swp=35.2  map=0.6  trunc=0%  pl=0.039  vl=0.531  ent=0.573  kl=0.0835  gn=1.518  time=30.5us  xtalk=0.179
step=  4864  rew=+141.211  swp=42.5  map=0.4  trunc=0%  pl=0.009  vl=0.535  ent=0.661  kl=0.0896  gn=1.529  time=35.4us  xtalk=0.136
step=  5120  rew=+128.191  swp=37.6  map=0.4  trunc=0%  pl=0.005  vl=0.641  ent=0.656  kl=0.0574  gn=1.235  time=33.0us  xtalk=0.147
step=  5376  rew=+140.616  swp=42.5  map=0.3  trunc=0%  pl=0.014  vl=0.457  ent=0.708  kl=0.0621  gn=1.445  time=35.7us  xtalk=0.183
step=  5632  rew=+149.611  swp=44.9  map=0.5  trunc=0%  pl=0.010  vl=0.883  ent=0.732  kl=0.0257  gn=1.199  time=38.1us  xtalk=0.202
step=  5888  rew=+137.763  swp=40.9  map=0.6  trunc=0%  pl=0.002  vl=0.845  ent=0.804  kl=0.0371  gn=1.552  time=34.3us  xtalk=0.196
step=  6144  rew=+135.730  swp=40.4  map=0.6  trunc=0%  pl=0.021  vl=0.421  ent=0.768  kl=0.2243  gn=1.425  time=34.6us  xtalk=0.174
step=  6400  rew=+166.549  swp=43.8  map=0.7  trunc=0%  pl=0.030  vl=0.962  ent=0.692  kl=0.0420  gn=1.485  time=42.0us  xtalk=0.152
step=  6656  rew=+124.962  swp=29.3  map=0.8  trunc=0%  pl=0.013  vl=0.652  ent=0.611  kl=0.2003  gn=0.988  time=31.0us  xtalk=0.140
step=  6912  rew=+116.321  swp=30.1  map=0.8  trunc=0%  pl=0.004  vl=1.328  ent=0.885  kl=0.0316  gn=1.532  time=27.8us  xtalk=0.130
step=  7168  rew=+124.929  swp=34.5  map=0.8  trunc=0%  pl=0.004  vl=0.810  ent=0.673  kl=0.0920  gn=1.115  time=31.7us  xtalk=0.151
step=  7424  rew=+155.245  swp=41.1  map=0.6  trunc=0%  pl=0.018  vl=0.408  ent=0.768  kl=0.0479  gn=1.059  time=39.9us  xtalk=0.150
step=  7680  rew=+175.999  swp=49.4  map=0.6  trunc=0%  pl=-0.002  vl=0.748  ent=0.805  kl=0.0328  gn=1.172  time=46.4us  xtalk=0.178
step=  7936  rew=+150.937  swp=42.8  map=0.5  trunc=0%  pl=0.000  vl=0.369  ent=0.793  kl=0.0270  gn=1.393  time=40.7us  xtalk=0.171
step=  8192  rew=+98.580  swp=28.4  map=1.1  trunc=0%  pl=0.010  vl=0.469  ent=0.880  kl=0.0994  gn=1.588  time=24.1us  xtalk=0.174
step=  8448  rew=+82.895  swp=21.6  map=1.1  trunc=0%  pl=0.016  vl=0.558  ent=0.730  kl=0.0331  gn=1.124  time=18.7us  xtalk=0.174
step=  8704  rew=+97.751  swp=28.4  map=1.0  trunc=0%  pl=0.013  vl=0.431  ent=0.947  kl=0.1020  gn=1.549  time=24.4us  xtalk=0.214
step=  8960  rew=+105.761  swp=32.5  map=1.4  trunc=0%  pl=0.002  vl=0.433  ent=0.842  kl=0.0486  gn=1.094  time=26.7us  xtalk=0.264
step=  9216  rew=+98.294  swp=28.4  map=1.0  trunc=0%  pl=0.007  vl=0.845  ent=0.904  kl=0.0763  gn=1.455  time=22.7us  xtalk=0.213
step=  9472  rew=+114.227  swp=33.8  map=0.8  trunc=0%  pl=0.015  vl=0.447  ent=0.748  kl=0.0277  gn=1.239  time=28.3us  xtalk=0.162
step=  9728  rew=+112.350  swp=32.2  map=0.3  trunc=0%  pl=-0.017  vl=0.896  ent=0.994  kl=0.0259  gn=1.390  time=27.3us  xtalk=0.124
step=  9984  rew=+93.164  swp=26.2  map=0.6  trunc=0%  pl=0.012  vl=0.565  ent=0.922  kl=0.0504  gn=1.383  time=20.7us  xtalk=0.224
step= 10240  rew=+91.028  swp=26.7  map=0.8  trunc=0%  pl=0.003  vl=0.302  ent=0.859  kl=0.0279  gn=0.974  time=21.4us  xtalk=0.252
step= 10496  rew=+113.555  swp=30.8  map=0.7  trunc=0%  pl=-0.005  vl=0.561  ent=0.979  kl=0.0314  gn=1.392  time=27.7us  xtalk=0.218
step= 10752  rew=+121.414  swp=32.0  map=0.6  trunc=0%  pl=0.006  vl=0.486  ent=0.900  kl=0.1666  gn=1.224  time=29.5us  xtalk=0.198
step= 11008  rew=+129.755  swp=34.4  map=0.6  trunc=0%  pl=-0.012  vl=0.868  ent=0.875  kl=0.0261  gn=1.145  time=31.6us  xtalk=0.187
step= 11264  rew=+150.200  swp=42.6  map=1.1  trunc=0%  pl=-0.006  vl=0.731  ent=0.815  kl=0.0189  gn=1.203  time=37.2us  xtalk=0.193
step= 11520  rew=+159.718  swp=46.5  map=1.2  trunc=0%  pl=0.007  vl=0.438  ent=0.888  kl=0.0195  gn=1.330  time=40.4us  xtalk=0.195
step= 11776  rew=+184.350  swp=51.8  map=1.1  trunc=0%  pl=-0.004  vl=0.439  ent=0.955  kl=0.0198  gn=0.802  time=47.3us  xtalk=0.191
step= 12032  rew=+124.363  swp=28.1  map=0.8  trunc=0%  pl=-0.001  vl=0.472  ent=0.928  kl=0.0237  gn=1.139  time=29.4us  xtalk=0.189
step= 12288  rew=+96.919  swp=22.5  map=0.9  trunc=0%  pl=-0.001  vl=0.713  ent=0.946  kl=0.0273  gn=1.126  time=21.1us  xtalk=0.158
step= 12544  rew=+105.637  swp=27.0  map=0.8  trunc=0%  pl=0.014  vl=0.492  ent=0.973  kl=0.0227  gn=1.388  time=24.1us  xtalk=0.136
step= 12800  rew=+124.210  swp=34.4  map=1.1  trunc=0%  pl=0.005  vl=0.801  ent=0.943  kl=0.0568  gn=1.018  time=29.9us  xtalk=0.137
step= 13056  rew=+123.539  swp=36.0  map=1.1  trunc=0%  pl=-0.003  vl=0.560  ent=0.907  kl=0.0269  gn=1.267  time=32.4us  xtalk=0.151
step= 13312  rew=+136.727  swp=42.1  map=1.0  trunc=0%  pl=-0.002  vl=0.611  ent=0.935  kl=0.0197  gn=1.155  time=38.8us  xtalk=0.137
step= 13568  rew=+173.774  swp=49.2  map=1.0  trunc=0%  pl=0.010  vl=0.402  ent=0.910  kl=0.0147  gn=1.187  time=47.0us  xtalk=0.148
step= 13824  rew=+197.380  swp=52.6  map=0.7  trunc=0%  pl=0.005  vl=0.252  ent=0.899  kl=0.1644  gn=1.299  time=52.8us  xtalk=0.135
step= 14080  rew=+191.408  swp=53.4  map=0.7  trunc=0%  pl=0.004  vl=0.449  ent=0.964  kl=0.0210  gn=1.285  time=50.4us  xtalk=0.176
step= 14336  rew=+214.656  swp=55.2  map=0.6  trunc=0%  pl=0.003  vl=1.910  ent=0.868  kl=0.1533  gn=2.630  time=55.4us  xtalk=0.185
step= 14592  rew=+108.749  swp=25.4  map=0.6  trunc=0%  pl=0.011  vl=0.468  ent=0.982  kl=0.0308  gn=1.276  time=27.0us  xtalk=0.168
step= 14848  rew=+94.780  swp=28.4  map=0.7  trunc=0%  pl=0.006  vl=0.503  ent=1.017  kl=0.1497  gn=1.189  time=25.9us  xtalk=0.139
step= 15104  rew=+101.374  swp=33.1  map=0.9  trunc=0%  pl=-0.007  vl=0.584  ent=0.973  kl=0.0227  gn=1.299  time=28.5us  xtalk=0.174
step= 15360  rew=+126.474  swp=39.6  map=0.8  trunc=0%  pl=0.003  vl=1.068  ent=0.906  kl=0.0274  gn=1.221  time=35.0us  xtalk=0.149
step= 15616  rew=+139.746  swp=37.7  map=0.5  trunc=0%  pl=0.015  vl=0.982  ent=1.034  kl=0.0648  gn=1.236  time=34.3us  xtalk=0.163
step= 15872  rew=+143.689  swp=39.8  map=0.5  trunc=0%  pl=0.002  vl=0.449  ent=1.082  kl=0.0702  gn=1.165  time=34.2us  xtalk=0.171
step= 16128  rew=+134.238  swp=38.0  map=0.4  trunc=0%  pl=0.008  vl=0.525  ent=0.985  kl=0.0246  gn=1.298  time=32.2us  xtalk=0.203
step= 16384  rew=+147.099  swp=38.5  map=0.6  trunc=0%  pl=0.016  vl=0.613  ent=0.920  kl=0.2234  gn=0.848  time=36.4us  xtalk=0.196
step= 16640  rew=+153.682  swp=38.9  map=0.2  trunc=0%  pl=-0.003  vl=1.029  ent=1.089  kl=0.0180  gn=1.381  time=37.5us  xtalk=0.182
step= 16896  rew=+160.424  swp=40.6  map=0.2  trunc=0%  pl=-0.001  vl=0.557  ent=0.838  kl=0.1492  gn=0.961  time=39.1us  xtalk=0.156
step= 17152  rew=+151.858  swp=39.6  map=0.2  trunc=0%  pl=0.007  vl=0.538  ent=0.818  kl=0.0205  gn=1.034  time=37.7us  xtalk=0.120
step= 17408  rew=+135.750  swp=36.1  map=0.2  trunc=0%  pl=0.016  vl=0.416  ent=0.805  kl=0.0955  gn=1.091  time=35.1us  xtalk=0.103
step= 17664  rew=+156.026  swp=44.0  map=0.3  trunc=0%  pl=0.003  vl=0.395  ent=0.919  kl=0.0787  gn=1.045  time=40.2us  xtalk=0.104
step= 17920  rew=+174.421  swp=53.4  map=0.3  trunc=0%  pl=-0.001  vl=0.238  ent=0.944  kl=0.0205  gn=0.916  time=46.0us  xtalk=0.108
step= 18176  rew=+168.995  swp=49.2  map=0.7  trunc=0%  pl=0.026  vl=0.443  ent=0.999  kl=0.0221  gn=1.101  time=43.1us  xtalk=0.183
step= 18432  rew=+154.889  swp=42.4  map=0.7  trunc=0%  pl=0.007  vl=0.422  ent=0.817  kl=0.0226  gn=1.007  time=38.0us  xtalk=0.208
step= 18688  rew=+101.224  swp=22.9  map=0.6  trunc=0%  pl=0.001  vl=0.429  ent=0.898  kl=0.0275  gn=0.961  time=22.1us  xtalk=0.167
step= 18944  rew=+137.811  swp=35.9  map=0.6  trunc=0%  pl=-0.003  vl=0.838  ent=0.783  kl=0.0241  gn=1.132  time=34.1us  xtalk=0.148
step= 19200  rew=+137.563  swp=38.2  map=0.8  trunc=0%  pl=0.008  vl=0.800  ent=0.911  kl=0.0176  gn=1.140  time=34.5us  xtalk=0.158
step= 19456  rew=+149.885  swp=43.4  map=0.4  trunc=0%  pl=0.006  vl=0.614  ent=0.849  kl=0.0231  gn=0.998  time=37.5us  xtalk=0.141
step= 19712  rew=+154.709  swp=43.8  map=0.6  trunc=0%  pl=0.010  vl=0.726  ent=0.977  kl=0.0171  gn=1.262  time=37.7us  xtalk=0.171
step= 19968  rew=+121.614  swp=32.2  map=0.5  trunc=0%  pl=-0.002  vl=0.679  ent=0.805  kl=0.1712  gn=1.281  time=29.9us  xtalk=0.170
step= 20224  rew=+97.950  swp=24.3  map=0.3  trunc=0%  pl=0.000  vl=0.499  ent=0.737  kl=0.0385  gn=0.961  time=23.8us  xtalk=0.200
step= 20480  rew=+138.302  swp=36.5  map=0.1  trunc=0%  pl=0.004  vl=0.815  ent=0.783  kl=0.0264  gn=1.097  time=34.9us  xtalk=0.154
step= 20736  rew=+150.351  swp=39.0  map=0.1  trunc=0%  pl=0.006  vl=0.750  ent=0.659  kl=0.0370  gn=1.054  time=36.1us  xtalk=0.166
step= 20992  rew=+171.710  swp=42.3  map=0.1  trunc=0%  pl=0.036  vl=0.465  ent=0.749  kl=0.0370  gn=1.071  time=41.4us  xtalk=0.165
step= 21248  rew=+171.327  swp=42.5  map=0.1  trunc=0%  pl=0.022  vl=0.559  ent=0.550  kl=0.0289  gn=0.929  time=42.2us  xtalk=0.130
step= 21504  rew=+163.520  swp=43.0  map=0.5  trunc=0%  pl=0.010  vl=0.636  ent=0.623  kl=0.0563  gn=0.897  time=41.6us  xtalk=0.151
step= 21760  rew=+124.229  swp=33.2  map=0.3  trunc=0%  pl=0.005  vl=0.502  ent=0.616  kl=0.1039  gn=0.874  time=30.6us  xtalk=0.116
step= 22016  rew=+111.411  swp=26.4  map=0.6  trunc=0%  pl=0.021  vl=0.290  ent=0.878  kl=0.0397  gn=1.416  time=25.7us  xtalk=0.134
step= 22272  rew=+97.426  swp=23.4  map=0.9  trunc=0%  pl=0.015  vl=0.632  ent=0.850  kl=0.1644  gn=1.119  time=21.6us  xtalk=0.192
step= 22528  rew=+115.057  swp=31.2  map=0.7  trunc=0%  pl=0.008  vl=0.328  ent=0.723  kl=0.0791  gn=0.859  time=27.9us  xtalk=0.170
step= 22784  rew=+120.895  swp=34.2  map=0.7  trunc=0%  pl=0.016  vl=0.407  ent=0.676  kl=0.0317  gn=0.958  time=29.2us  xtalk=0.182
step= 23040  rew=+154.963  swp=46.9  map=0.6  trunc=0%  pl=0.008  vl=0.773  ent=0.887  kl=0.0708  gn=1.176  time=39.8us  xtalk=0.185
step= 23296  rew=+143.721  swp=41.2  map=0.3  trunc=0%  pl=0.003  vl=0.288  ent=0.912  kl=0.0329  gn=0.890  time=35.9us  xtalk=0.181
step= 23552  rew=+122.741  swp=31.1  map=0.4  trunc=0%  pl=0.002  vl=0.280  ent=0.767  kl=0.0337  gn=0.941  time=27.8us  xtalk=0.180
step= 23808  rew=+99.298  swp=23.9  map=0.7  trunc=0%  pl=-0.004  vl=0.566  ent=0.865  kl=0.0185  gn=1.211  time=22.8us  xtalk=0.215
step= 24064  rew=+117.606  swp=33.2  map=0.8  trunc=0%  pl=0.008  vl=0.360  ent=0.681  kl=0.0389  gn=1.149  time=28.1us  xtalk=0.194
step= 24320  rew=+135.252  swp=39.9  map=0.8  trunc=0%  pl=0.002  vl=0.599  ent=0.842  kl=0.0884  gn=1.143  time=32.4us  xtalk=0.194
step= 24576  rew=+156.528  swp=41.0  map=0.8  trunc=0%  pl=0.011  vl=1.029  ent=0.696  kl=0.1369  gn=1.046  time=37.2us  xtalk=0.183
step= 24832  rew=+217.387  swp=55.4  map=0.3  trunc=0%  pl=0.022  vl=0.870  ent=0.781  kl=0.0717  gn=1.223  time=53.0us  xtalk=0.137
step= 25088  rew=+234.117  swp=56.5  map=0.3  trunc=0%  pl=0.011  vl=0.355  ent=0.675  kl=0.0443  gn=0.859  time=57.4us  xtalk=0.140
step= 25344  rew=+223.114  swp=49.8  map=0.4  trunc=0%  pl=0.011  vl=0.460  ent=0.719  kl=0.0870  gn=1.021  time=55.9us  xtalk=0.117
step= 25600  rew=+182.954  swp=43.9  map=0.6  trunc=0%  pl=-0.004  vl=0.470  ent=0.848  kl=0.0239  gn=0.943  time=45.6us  xtalk=0.134
step= 25856  rew=+116.218  swp=27.9  map=0.8  trunc=0%  pl=-0.008  vl=0.418  ent=0.882  kl=0.0404  gn=1.019  time=26.1us  xtalk=0.220
step= 26112  rew=+176.880  swp=40.5  map=0.7  trunc=0%  pl=0.008  vl=0.296  ent=0.841  kl=0.0277  gn=0.877  time=41.2us  xtalk=0.219
step= 26368  rew=+152.270  swp=35.0  map=0.5  trunc=0%  pl=-0.001  vl=1.071  ent=0.926  kl=0.0173  gn=1.401  time=35.5us  xtalk=0.218
step= 26624  rew=+86.652  swp=21.4  map=0.6  trunc=0%  pl=0.009  vl=0.257  ent=0.766  kl=0.0290  gn=1.159  time=19.7us  xtalk=0.180
step= 26880  rew=+128.463  swp=33.5  map=0.3  trunc=0%  pl=0.021  vl=0.761  ent=0.803  kl=0.0396  gn=1.043  time=30.9us  xtalk=0.131
step= 27136  rew=+127.842  swp=35.4  map=0.5  trunc=0%  pl=0.021  vl=0.229  ent=0.800  kl=0.0198  gn=1.180  time=31.2us  xtalk=0.144
step= 27392  rew=+164.409  swp=45.8  map=0.8  trunc=0%  pl=0.012  vl=0.364  ent=0.710  kl=0.1310  gn=0.844  time=41.5us  xtalk=0.169
step= 27648  rew=+206.685  swp=55.7  map=0.8  trunc=0%  pl=0.017  vl=0.812  ent=0.705  kl=0.0275  gn=1.160  time=52.8us  xtalk=0.162
step= 27904  rew=+180.424  swp=47.7  map=0.3  trunc=0%  pl=0.004  vl=0.497  ent=1.051  kl=0.0422  gn=0.953  time=46.1us  xtalk=0.154
step= 28160  rew=+99.515  swp=24.6  map=0.5  trunc=0%  pl=-0.000  vl=0.533  ent=0.856  kl=0.1145  gn=0.925  time=24.1us  xtalk=0.138
step= 28416  rew=+110.114  swp=28.0  map=0.5  trunc=0%  pl=0.007  vl=0.741  ent=0.807  kl=0.0432  gn=1.130  time=26.8us  xtalk=0.157
step= 28672  rew=+135.435  swp=37.8  map=0.7  trunc=0%  pl=-0.001  vl=1.177  ent=0.962  kl=0.0126  gn=1.518  time=34.1us  xtalk=0.165
step= 28928  rew=+170.217  swp=48.3  map=0.7  trunc=0%  pl=0.002  vl=1.027  ent=0.992  kl=0.0235  gn=1.368  time=42.1us  xtalk=0.143
step= 29184  rew=+152.284  swp=45.0  map=0.5  trunc=0%  pl=-0.003  vl=0.428  ent=1.138  kl=0.0350  gn=0.995  time=37.2us  xtalk=0.206
step= 29440  rew=+132.444  swp=37.9  map=0.3  trunc=0%  pl=-0.007  vl=0.992  ent=1.053  kl=0.0155  gn=1.059  time=29.7us  xtalk=0.205
step= 29696  rew=+123.544  swp=34.0  map=0.6  trunc=0%  pl=0.005  vl=0.668  ent=0.921  kl=0.0881  gn=0.775  time=26.7us  xtalk=0.218
step= 29952  rew=+106.077  swp=27.2  map=0.5  trunc=0%  pl=-0.001  vl=0.747  ent=0.946  kl=0.0288  gn=1.116  time=22.9us  xtalk=0.197
step= 30208  rew=+88.084  swp=20.6  map=0.3  trunc=0%  pl=0.004  vl=0.826  ent=0.905  kl=0.0312  gn=1.054  time=19.8us  xtalk=0.231
step= 30464  rew=+130.221  swp=31.9  map=0.2  trunc=0%  pl=0.001  vl=0.995  ent=0.703  kl=0.0319  gn=1.142  time=30.9us  xtalk=0.185
step= 30720  rew=+120.351  swp=30.5  map=0.4  trunc=0%  pl=0.001  vl=0.736  ent=1.026  kl=0.0315  gn=1.048  time=28.8us  xtalk=0.217
step= 30976  rew=+85.086  swp=21.1  map=0.4  trunc=0%  pl=0.009  vl=0.603  ent=1.113  kl=0.0251  gn=1.177  time=18.5us  xtalk=0.238
step= 31232  rew=+87.452  swp=21.7  map=0.4  trunc=0%  pl=0.006  vl=0.411  ent=0.944  kl=0.0834  gn=1.057  time=19.6us  xtalk=0.215
step= 31488  rew=+103.335  swp=27.1  map=0.6  trunc=0%  pl=-0.002  vl=0.477  ent=0.944  kl=0.0176  gn=0.970  time=24.3us  xtalk=0.179
step= 31744  rew=+118.868  swp=31.9  map=0.4  trunc=0%  pl=-0.013  vl=0.389  ent=0.947  kl=0.0247  gn=1.005  time=27.7us  xtalk=0.136
step= 32000  rew=+106.113  swp=26.9  map=0.2  trunc=0%  pl=0.016  vl=0.565  ent=1.033  kl=0.0251  gn=1.048  time=24.1us  xtalk=0.120
step= 32256  rew=+105.131  swp=25.1  map=0.3  trunc=0%  pl=0.021  vl=0.663  ent=0.845  kl=0.0407  gn=1.056  time=24.0us  xtalk=0.161
step= 32512  rew=+107.414  swp=26.2  map=0.3  trunc=0%  pl=0.002  vl=0.889  ent=0.891  kl=0.0158  gn=1.415  time=24.6us  xtalk=0.164
step= 32768  rew=+143.115  swp=37.8  map=0.3  trunc=0%  pl=0.007  vl=1.099  ent=0.816  kl=0.0508  gn=1.631  time=34.7us  xtalk=0.123
step= 33024  rew=+134.719  swp=36.8  map=0.5  trunc=0%  pl=0.008  vl=0.727  ent=1.049  kl=0.0238  gn=1.173  time=31.8us  xtalk=0.165
step= 33280  rew=+171.051  swp=49.5  map=0.5  trunc=0%  pl=-0.012  vl=0.917  ent=0.904  kl=0.0182  gn=0.810  time=41.3us  xtalk=0.138
step= 33536  rew=+171.853  swp=44.4  map=0.6  trunc=0%  pl=0.032  vl=0.635  ent=0.918  kl=0.0883  gn=1.149  time=40.7us  xtalk=0.166
step= 33792  rew=+160.052  swp=42.0  map=0.1  trunc=0%  pl=-0.004  vl=0.584  ent=1.143  kl=0.0247  gn=1.041  time=36.9us  xtalk=0.189
step= 34048  rew=+99.627  swp=26.3  map=0.3  trunc=0%  pl=0.010  vl=0.570  ent=0.950  kl=0.0386  gn=1.084  time=22.6us  xtalk=0.188
step= 34304  rew=+123.217  swp=31.4  map=0.2  trunc=0%  pl=0.005  vl=0.628  ent=0.945  kl=0.0165  gn=0.940  time=28.7us  xtalk=0.185
step= 34560  rew=+107.092  swp=26.2  map=0.3  trunc=0%  pl=0.014  vl=0.535  ent=1.020  kl=0.0238  gn=1.113  time=24.0us  xtalk=0.190
step= 34816  rew=+140.063  swp=35.2  map=0.2  trunc=0%  pl=0.003  vl=0.673  ent=1.029  kl=0.0414  gn=0.974  time=32.6us  xtalk=0.192
step= 35072  rew=+140.825  swp=37.3  map=0.2  trunc=0%  pl=0.004  vl=0.788  ent=0.916  kl=0.0172  gn=1.076  time=32.8us  xtalk=0.168
step= 35328  rew=+168.278  swp=44.0  map=1.1  trunc=0%  pl=-0.002  vl=0.494  ent=1.100  kl=0.0220  gn=1.115  time=38.6us  xtalk=0.200
step= 35584  rew=+142.454  swp=36.8  map=0.8  trunc=0%  pl=0.004  vl=0.627  ent=1.106  kl=0.0223  gn=0.895  time=32.0us  xtalk=0.247
step= 35840  rew=+145.193  swp=37.4  map=1.2  trunc=0%  pl=0.004  vl=0.575  ent=0.798  kl=0.0251  gn=1.200  time=33.3us  xtalk=0.279
step= 36096  rew=+157.495  swp=40.6  map=0.8  trunc=0%  pl=0.010  vl=0.159  ent=1.122  kl=0.0522  gn=0.835  time=38.4us  xtalk=0.286
step= 36352  rew=+147.460  swp=38.4  map=1.1  trunc=0%  pl=-0.002  vl=0.277  ent=1.155  kl=0.0284  gn=0.953  time=37.0us  xtalk=0.229
step= 36608  rew=+102.053  swp=27.9  map=1.3  trunc=0%  pl=-0.004  vl=0.371  ent=1.355  kl=0.0188  gn=0.902  time=22.1us  xtalk=0.310
step= 36864  rew=+134.075  swp=32.4  map=1.1  trunc=0%  pl=0.014  vl=1.047  ent=0.710  kl=0.1132  gn=1.517  time=30.1us  xtalk=0.277
step= 37120  rew=+153.956  swp=37.6  map=0.6  trunc=0%  pl=0.017  vl=1.068  ent=1.248  kl=0.0185  gn=1.751  time=34.9us  xtalk=0.315
step= 37376  rew=+121.311  swp=30.4  map=0.0  trunc=0%  pl=0.004  vl=0.506  ent=1.210  kl=0.0247  gn=1.107  time=27.1us  xtalk=0.266
step= 37632  rew=+133.367  swp=34.5  map=0.1  trunc=0%  pl=0.013  vl=0.414  ent=0.842  kl=0.0739  gn=1.006  time=29.5us  xtalk=0.313
step= 37888  rew=+152.837  swp=36.6  map=0.6  trunc=0%  pl=-0.008  vl=0.714  ent=0.952  kl=0.1030  gn=0.966  time=34.2us  xtalk=0.306
step= 38144  rew=+170.270  swp=43.1  map=0.9  trunc=0%  pl=0.008  vl=0.804  ent=0.992  kl=0.0385  gn=1.030  time=40.3us  xtalk=0.259
step= 38400  rew=+195.706  swp=48.0  map=1.4  trunc=0%  pl=0.017  vl=0.251  ent=0.968  kl=0.0778  gn=1.111  time=46.7us  xtalk=0.257
step= 38656  rew=+167.107  swp=42.1  map=1.4  trunc=0%  pl=0.016  vl=0.669  ent=1.134  kl=0.0302  gn=1.241  time=37.5us  xtalk=0.259
step= 38912  rew=+172.533  swp=44.7  map=1.1  trunc=0%  pl=0.020  vl=0.366  ent=1.075  kl=0.0402  gn=1.112  time=41.4us  xtalk=0.217
step= 39168  rew=+191.638  swp=50.5  map=0.9  trunc=0%  pl=0.022  vl=0.612  ent=0.962  kl=0.1012  gn=1.157  time=45.7us  xtalk=0.234
step= 39424  rew=+178.332  swp=50.1  map=0.3  trunc=0%  pl=-0.002  vl=0.635  ent=1.211  kl=0.0275  gn=1.031  time=42.8us  xtalk=0.247
step= 39680  rew=+190.134  swp=54.1  map=0.5  trunc=0%  pl=0.007  vl=0.828  ent=1.165  kl=0.0160  gn=1.193  time=46.6us  xtalk=0.275
step= 39936  rew=+160.672  swp=45.2  map=0.7  trunc=0%  pl=0.014  vl=0.312  ent=1.030  kl=0.1134  gn=1.080  time=36.9us  xtalk=0.323
step= 40192  rew=+145.919  swp=38.1  map=0.8  trunc=0%  pl=-0.003  vl=0.614  ent=1.080  kl=0.0409  gn=1.056  time=33.0us  xtalk=0.338
step= 40448  rew=+143.071  swp=36.5  map=0.9  trunc=0%  pl=-0.005  vl=0.846  ent=1.127  kl=0.0174  gn=1.263  time=31.0us  xtalk=0.375
step= 40704  rew=+162.405  swp=40.6  map=0.8  trunc=0%  pl=0.003  vl=0.478  ent=0.942  kl=0.0219  gn=1.195  time=36.3us  xtalk=0.357
step= 40960  rew=+165.595  swp=41.7  map=1.4  trunc=0%  pl=0.003  vl=0.735  ent=1.347  kl=0.0252  gn=1.150  time=35.4us  xtalk=0.410
step= 41216  rew=+145.694  swp=36.0  map=1.4  trunc=0%  pl=0.015  vl=0.498  ent=0.913  kl=0.0337  gn=1.025  time=30.1us  xtalk=0.420
step= 41472  rew=+148.114  swp=38.6  map=1.1  trunc=0%  pl=0.015  vl=0.458  ent=1.079  kl=0.0746  gn=1.104  time=33.6us  xtalk=0.350
step= 41728  rew=+157.905  swp=42.4  map=1.1  trunc=0%  pl=0.008  vl=0.278  ent=0.960  kl=0.1461  gn=1.029  time=37.9us  xtalk=0.283
step= 41984  rew=+155.105  swp=42.5  map=0.4  trunc=0%  pl=0.008  vl=0.658  ent=1.071  kl=0.0344  gn=1.719  time=36.6us  xtalk=0.288
step= 42240  rew=+162.572  swp=43.1  map=0.2  trunc=0%  pl=0.011  vl=0.706  ent=0.900  kl=0.0274  gn=1.162  time=37.5us  xtalk=0.264
step= 42496  rew=+173.920  swp=48.5  map=0.6  trunc=0%  pl=0.004  vl=0.373  ent=1.199  kl=0.0335  gn=1.241  time=40.5us  xtalk=0.296
step= 42752  rew=+156.742  swp=41.9  map=0.3  trunc=0%  pl=0.017  vl=0.449  ent=0.764  kl=0.1001  gn=1.322  time=34.4us  xtalk=0.354
step= 43008  rew=+149.197  swp=40.1  map=0.3  trunc=0%  pl=0.004  vl=0.637  ent=0.995  kl=0.0367  gn=1.256  time=33.7us  xtalk=0.314
step= 43264  rew=+135.633  swp=35.4  map=0.1  trunc=0%  pl=-0.003  vl=0.440  ent=0.857  kl=0.0608  gn=1.112  time=32.5us  xtalk=0.193
step= 43520  rew=+135.064  swp=33.2  map=0.2  trunc=0%  pl=0.019  vl=0.377  ent=0.938  kl=0.0508  gn=1.240  time=31.2us  xtalk=0.155
step= 43776  rew=+143.901  swp=36.0  map=0.2  trunc=0%  pl=0.000  vl=0.475  ent=0.996  kl=0.0278  gn=1.160  time=32.1us  xtalk=0.205
step= 44032  rew=+161.084  swp=42.4  map=0.1  trunc=0%  pl=0.010  vl=0.719  ent=1.092  kl=0.0176  gn=1.156  time=34.5us  xtalk=0.259
step= 44288  rew=+168.967  swp=44.1  map=0.3  trunc=0%  pl=0.008  vl=0.639  ent=1.062  kl=0.0156  gn=1.383  time=34.7us  xtalk=0.313
step= 44544  rew=+189.302  swp=52.6  map=0.4  trunc=0%  pl=0.007  vl=0.689  ent=1.260  kl=0.0285  gn=1.031  time=40.0us  xtalk=0.335
step= 44800  rew=+186.044  swp=53.2  map=0.5  trunc=0%  pl=-0.006  vl=0.655  ent=1.047  kl=0.0265  gn=1.089  time=40.6us  xtalk=0.304
step= 45056  rew=+204.079  swp=59.5  map=0.5  trunc=0%  pl=0.010  vl=1.031  ent=0.950  kl=0.0245  gn=1.304  time=44.6us  xtalk=0.282
step= 45312  rew=+210.937  swp=64.6  map=0.8  trunc=0%  pl=0.006  vl=0.437  ent=1.265  kl=0.0162  gn=1.070  time=46.2us  xtalk=0.318
step= 45568  rew=+241.362  swp=70.5  map=0.8  trunc=0%  pl=0.021  vl=0.733  ent=0.862  kl=0.0578  gn=1.491  time=54.8us  xtalk=0.313
step= 45824  rew=+219.954  swp=60.5  map=0.4  trunc=0%  pl=0.016  vl=0.610  ent=0.746  kl=0.1085  gn=0.918  time=49.9us  xtalk=0.264
step= 46080  rew=+241.991  swp=64.8  map=0.8  trunc=0%  pl=-0.006  vl=0.703  ent=1.026  kl=0.0163  gn=1.150  time=55.5us  xtalk=0.298
step= 46336  rew=+167.848  swp=41.2  map=0.8  trunc=0%  pl=0.001  vl=0.460  ent=1.129  kl=0.0403  gn=0.983  time=38.2us  xtalk=0.278
step= 46592  rew=+166.658  swp=40.1  map=1.1  trunc=0%  pl=0.011  vl=0.494  ent=1.203  kl=0.0208  gn=1.021  time=37.0us  xtalk=0.330
step= 46848  rew=+162.181  swp=41.9  map=1.1  trunc=0%  pl=0.014  vl=0.660  ent=1.005  kl=0.0185  gn=1.065  time=36.0us  xtalk=0.330
step= 47104  rew=+168.762  swp=41.8  map=1.1  trunc=0%  pl=0.000  vl=0.409  ent=1.107  kl=0.1258  gn=1.197  time=36.6us  xtalk=0.405
step= 47360  rew=+177.158  swp=46.0  map=0.9  trunc=0%  pl=0.000  vl=0.708  ent=1.049  kl=0.0163  gn=1.074  time=38.7us  xtalk=0.401
step= 47616  rew=+197.783  swp=52.0  map=0.8  trunc=0%  pl=0.024  vl=0.885  ent=0.823  kl=0.0354  gn=1.241  time=44.2us  xtalk=0.359
step= 47872  rew=+211.516  swp=52.9  map=0.5  trunc=0%  pl=0.001  vl=0.680  ent=0.969  kl=0.0492  gn=1.498  time=47.9us  xtalk=0.295
step= 48128  rew=+237.417  swp=58.7  map=0.5  trunc=0%  pl=0.018  vl=0.509  ent=0.839  kl=0.0345  gn=1.379  time=55.5us  xtalk=0.274
step= 48384  rew=+272.611  swp=67.2  map=0.5  trunc=0%  pl=0.023  vl=0.582  ent=1.097  kl=0.0202  gn=1.095  time=63.8us  xtalk=0.265
step= 48640  rew=+285.093  swp=73.2  map=0.1  trunc=0%  pl=-0.000  vl=0.758  ent=1.100  kl=0.0141  gn=1.209  time=67.2us  xtalk=0.237
step= 48896  rew=+293.986  swp=72.7  map=0.1  trunc=0%  pl=0.009  vl=0.531  ent=0.860  kl=0.0178  gn=1.303  time=71.1us  xtalk=0.213
step= 49152  rew=+241.999  swp=59.5  map=0.1  trunc=0%  pl=0.010  vl=0.412  ent=0.940  kl=0.0277  gn=1.057  time=58.2us  xtalk=0.247
step= 49408  rew=+213.068  swp=54.5  map=0.1  trunc=0%  pl=0.017  vl=0.412  ent=0.906  kl=0.0220  gn=1.100  time=50.5us  xtalk=0.292
step= 49664  rew=+188.403  swp=44.3  map=0.3  trunc=0%  pl=0.023  vl=0.612  ent=0.980  kl=0.0421  gn=1.276  time=45.1us  xtalk=0.249
step= 49920  rew=+180.172  swp=44.2  map=0.5  trunc=0%  pl=0.008  vl=0.562  ent=0.861  kl=0.0253  gn=1.084  time=42.2us  xtalk=0.286
step= 50176  rew=+177.547  swp=45.0  map=0.8  trunc=0%  pl=-0.004  vl=0.765  ent=1.109  kl=0.0190  gn=0.964  time=41.1us  xtalk=0.326
step= 50432  rew=+174.515  swp=46.2  map=0.8  trunc=0%  pl=-0.010  vl=0.975  ent=0.733  kl=0.0321  gn=1.771  time=41.3us  xtalk=0.256
step= 50688  rew=+188.838  swp=49.6  map=0.6  trunc=0%  pl=0.019  vl=0.520  ent=1.035  kl=0.0357  gn=1.185  time=44.1us  xtalk=0.255
step= 50944  rew=+189.897  swp=50.0  map=0.7  trunc=0%  pl=0.011  vl=0.769  ent=1.104  kl=0.0221  gn=1.234  time=43.6us  xtalk=0.294
step= 51200  rew=+196.667  swp=50.6  map=0.6  trunc=0%  pl=0.018  vl=0.563  ent=0.863  kl=0.0354  gn=1.366  time=45.2us  xtalk=0.279
step= 51456  rew=+196.405  swp=48.6  map=0.7  trunc=0%  pl=0.016  vl=0.310  ent=1.012  kl=0.0355  gn=1.046  time=45.2us  xtalk=0.332
step= 51712  rew=+200.598  swp=51.0  map=0.7  trunc=0%  pl=0.014  vl=0.787  ent=0.875  kl=0.0919  gn=1.708  time=46.7us  xtalk=0.312
step= 51968  rew=+188.813  swp=50.5  map=0.2  trunc=0%  pl=0.004  vl=0.713  ent=0.979  kl=0.0547  gn=1.284  time=46.6us  xtalk=0.241
step= 52224  rew=+203.681  swp=54.3  map=0.2  trunc=0%  pl=0.007  vl=0.442  ent=0.980  kl=0.0750  gn=1.001  time=50.7us  xtalk=0.212
step= 52480  rew=+187.097  swp=52.5  map=0.5  trunc=0%  pl=0.005  vl=0.619  ent=1.243  kl=0.0251  gn=1.067  time=43.6us  xtalk=0.289
step= 52736  rew=+187.393  swp=50.3  map=0.5  trunc=0%  pl=-0.004  vl=0.692  ent=0.706  kl=0.0268  gn=1.121  time=43.7us  xtalk=0.270
step= 52992  rew=+194.916  swp=51.9  map=0.5  trunc=0%  pl=0.001  vl=0.709  ent=1.068  kl=0.0261  gn=0.891  time=44.9us  xtalk=0.273
step= 53248  rew=+231.998  swp=58.1  map=0.8  trunc=0%  pl=0.020  vl=0.774  ent=0.908  kl=0.0788  gn=1.229  time=50.1us  xtalk=0.332
step= 53504  rew=+214.822  swp=53.8  map=0.7  trunc=0%  pl=-0.010  vl=0.621  ent=1.130  kl=0.0273  gn=1.341  time=46.5us  xtalk=0.305
step= 53760  rew=+218.388  swp=55.1  map=0.9  trunc=0%  pl=0.005  vl=0.641  ent=0.950  kl=0.0278  gn=1.021  time=46.9us  xtalk=0.307
step= 54016  rew=+211.445  swp=54.9  map=0.9  trunc=0%  pl=0.022  vl=0.483  ent=1.033  kl=0.0410  gn=1.198  time=46.4us  xtalk=0.332
step= 54272  rew=+164.984  swp=45.5  map=1.1  trunc=0%  pl=0.022  vl=0.759  ent=0.887  kl=0.0576  gn=1.296  time=36.6us  xtalk=0.328
step= 54528  rew=+148.780  swp=41.0  map=1.1  trunc=0%  pl=0.024  vl=0.262  ent=0.954  kl=0.0478  gn=0.995  time=34.5us  xtalk=0.296
step= 54784  rew=+155.939  swp=43.2  map=1.1  trunc=0%  pl=0.006  vl=0.657  ent=1.214  kl=0.0220  gn=1.234  time=34.8us  xtalk=0.334
step= 55040  rew=+179.702  swp=47.1  map=1.1  trunc=0%  pl=0.001  vl=1.232  ent=0.715  kl=0.0385  gn=1.208  time=40.8us  xtalk=0.339
step= 55296  rew=+222.721  swp=53.1  map=0.6  trunc=0%  pl=0.002  vl=0.628  ent=0.959  kl=0.0413  gn=0.989  time=51.3us  xtalk=0.303
step= 55552  rew=+223.044  swp=53.5  map=0.5  trunc=0%  pl=0.010  vl=0.603  ent=0.849  kl=0.0293  gn=1.190  time=51.7us  xtalk=0.314
step= 55808  rew=+230.505  swp=55.8  map=0.3  trunc=0%  pl=0.030  vl=0.660  ent=0.852  kl=0.0303  gn=1.206  time=55.6us  xtalk=0.228
step= 56064  rew=+175.950  swp=44.9  map=0.6  trunc=0%  pl=0.007  vl=0.559  ent=0.902  kl=0.0321  gn=1.534  time=42.2us  xtalk=0.196
step= 56320  rew=+166.151  swp=43.6  map=0.8  trunc=0%  pl=0.013  vl=0.398  ent=0.844  kl=0.0321  gn=1.111  time=40.3us  xtalk=0.171
step= 56576  rew=+168.043  swp=43.2  map=1.1  trunc=0%  pl=0.010  vl=0.598  ent=0.935  kl=0.0349  gn=0.919  time=40.3us  xtalk=0.212
step= 56832  rew=+159.206  swp=40.5  map=0.8  trunc=0%  pl=0.007  vl=0.498  ent=0.877  kl=0.0249  gn=1.137  time=37.4us  xtalk=0.231
step= 57088  rew=+161.497  swp=42.1  map=0.8  trunc=0%  pl=0.013  vl=0.342  ent=0.797  kl=0.0680  gn=1.021  time=39.6us  xtalk=0.235
step= 57344  rew=+153.145  swp=39.2  map=0.6  trunc=0%  pl=0.019  vl=0.433  ent=1.265  kl=0.0242  gn=1.171  time=36.7us  xtalk=0.259
step= 57600  rew=+156.499  swp=42.3  map=0.3  trunc=0%  pl=0.020  vl=0.541  ent=0.785  kl=0.0634  gn=1.295  time=37.2us  xtalk=0.272
step= 57856  rew=+164.346  swp=42.5  map=0.4  trunc=0%  pl=-0.006  vl=0.306  ent=0.773  kl=0.0402  gn=0.977  time=38.6us  xtalk=0.230
step= 58112  rew=+174.888  swp=45.5  map=0.7  trunc=0%  pl=0.011  vl=0.457  ent=1.028  kl=0.0244  gn=1.008  time=41.2us  xtalk=0.284
step= 58368  rew=+191.252  swp=50.5  map=0.6  trunc=0%  pl=-0.006  vl=0.633  ent=0.942  kl=0.0213  gn=1.210  time=44.6us  xtalk=0.264
step= 58624  rew=+179.660  swp=46.7  map=0.9  trunc=0%  pl=0.008  vl=0.376  ent=1.194  kl=0.0330  gn=1.301  time=41.0us  xtalk=0.313
step= 58880  rew=+195.492  swp=52.6  map=0.9  trunc=0%  pl=0.004  vl=0.524  ent=0.841  kl=0.0421  gn=1.137  time=44.8us  xtalk=0.376
step= 59136  rew=+189.796  swp=50.1  map=0.7  trunc=0%  pl=0.015  vl=0.435  ent=1.011  kl=0.0299  gn=1.068  time=42.3us  xtalk=0.358
step= 59392  rew=+201.873  swp=49.8  map=1.1  trunc=0%  pl=-0.005  vl=0.924  ent=0.784  kl=0.0580  gn=1.053  time=46.0us  xtalk=0.332
step= 59648  rew=+197.399  swp=47.0  map=1.0  trunc=0%  pl=0.007  vl=0.441  ent=0.946  kl=0.0380  gn=1.138  time=45.1us  xtalk=0.334
step= 59904  rew=+211.511  swp=52.5  map=0.9  trunc=0%  pl=0.014  vl=0.554  ent=0.987  kl=0.1426  gn=1.233  time=49.4us  xtalk=0.295
step= 60160  rew=+205.160  swp=50.5  map=0.8  trunc=0%  pl=0.019  vl=0.473  ent=0.924  kl=0.0615  gn=1.413  time=48.7us  xtalk=0.262
step= 60416  rew=+154.942  swp=41.2  map=0.5  trunc=0%  pl=0.022  vl=0.511  ent=1.085  kl=0.0390  gn=1.269  time=36.0us  xtalk=0.246
step= 60672  rew=+156.365  swp=39.7  map=0.4  trunc=0%  pl=0.006  vl=0.752  ent=0.679  kl=0.0968  gn=1.185  time=36.9us  xtalk=0.260
step= 60928  rew=+155.726  swp=38.3  map=0.6  trunc=0%  pl=0.002  vl=0.457  ent=1.120  kl=0.0254  gn=1.279  time=36.4us  xtalk=0.242
step= 61184  rew=+176.946  swp=46.4  map=0.6  trunc=0%  pl=0.009  vl=0.906  ent=0.617  kl=0.0734  gn=1.042  time=43.8us  xtalk=0.228
step= 61440  rew=+187.814  swp=49.2  map=0.5  trunc=0%  pl=-0.001  vl=0.563  ent=0.892  kl=0.0288  gn=1.114  time=46.4us  xtalk=0.275
step= 61696  rew=+172.827  swp=45.6  map=0.6  trunc=0%  pl=-0.006  vl=0.711  ent=1.048  kl=0.0360  gn=1.331  time=41.1us  xtalk=0.302
step= 61952  rew=+174.683  swp=46.8  map=0.6  trunc=0%  pl=0.015  vl=0.742  ent=0.914  kl=0.0524  gn=1.256  time=41.1us  xtalk=0.302
step= 62208  rew=+175.344  swp=43.9  map=0.8  trunc=0%  pl=0.007  vl=0.791  ent=0.755  kl=0.0421  gn=1.068  time=37.9us  xtalk=0.319
step= 62464  rew=+208.119  swp=49.8  map=0.8  trunc=0%  pl=0.014  vl=0.431  ent=0.816  kl=0.0260  gn=1.157  time=46.7us  xtalk=0.299
step= 62720  rew=+195.321  swp=48.2  map=0.8  trunc=0%  pl=0.049  vl=0.438  ent=0.704  kl=0.0888  gn=1.252  time=45.1us  xtalk=0.268
step= 62976  rew=+229.241  swp=56.4  map=0.7  trunc=0%  pl=0.012  vl=0.913  ent=1.209  kl=0.0265  gn=1.786  time=54.1us  xtalk=0.328
step= 63232  rew=+217.429  swp=54.5  map=0.7  trunc=0%  pl=0.027  vl=0.796  ent=0.893  kl=0.0799  gn=1.396  time=51.9us  xtalk=0.343
step= 63488  rew=+185.961  swp=47.6  map=0.6  trunc=0%  pl=-0.001  vl=0.605  ent=1.108  kl=0.0256  gn=1.011  time=42.0us  xtalk=0.388
step= 63744  rew=+204.440  swp=54.5  map=1.0  trunc=0%  pl=0.011  vl=0.454  ent=0.896  kl=0.0991  gn=1.039  time=45.4us  xtalk=0.416
step= 64000  rew=+197.624  swp=55.4  map=0.9  trunc=0%  pl=0.008  vl=0.429  ent=1.060  kl=0.0279  gn=1.090  time=44.6us  xtalk=0.428
step= 64256  rew=+200.918  swp=56.6  map=0.8  trunc=0%  pl=0.008  vl=0.792  ent=0.871  kl=0.0284  gn=1.340  time=44.8us  xtalk=0.353
step= 64512  rew=+203.486  swp=57.5  map=0.8  trunc=0%  pl=0.033  vl=0.516  ent=0.837  kl=0.0601  gn=0.929  time=45.8us  xtalk=0.339
step= 64768  rew=+241.890  swp=65.5  map=0.8  trunc=0%  pl=0.008  vl=0.425  ent=0.692  kl=0.0448  gn=0.981  time=57.5us  xtalk=0.283
step= 65024  rew=+208.997  swp=55.6  map=0.5  trunc=0%  pl=0.003  vl=0.697  ent=0.990  kl=0.0300  gn=1.030  time=48.7us  xtalk=0.294
step= 65280  rew=+204.988  swp=55.7  map=1.1  trunc=0%  pl=0.018  vl=0.713  ent=0.946  kl=0.0234  gn=1.378  time=48.3us  xtalk=0.330
step= 65536  rew=+166.771  swp=46.5  map=1.1  trunc=0%  pl=0.007  vl=0.673  ent=0.904  kl=0.1654  gn=1.161  time=38.7us  xtalk=0.288
step= 65792  rew=+157.898  swp=40.6  map=1.5  trunc=0%  pl=0.003  vl=0.307  ent=0.779  kl=0.0198  gn=0.905  time=35.0us  xtalk=0.332
step= 66048  rew=+203.401  swp=50.0  map=1.4  trunc=0%  pl=0.022  vl=0.747  ent=0.574  kl=0.1220  gn=1.196  time=46.9us  xtalk=0.279
step= 66304  rew=+212.081  swp=53.0  map=1.1  trunc=0%  pl=0.016  vl=0.893  ent=0.969  kl=0.0435  gn=1.777  time=48.7us  xtalk=0.299
step= 66560  rew=+215.909  swp=54.0  map=1.3  trunc=0%  pl=0.012  vl=0.257  ent=0.858  kl=0.0423  gn=1.243  time=50.8us  xtalk=0.323
step= 66816  rew=+197.649  swp=46.1  map=1.2  trunc=0%  pl=0.013  vl=0.474  ent=1.152  kl=0.0176  gn=1.192  time=43.4us  xtalk=0.410
step= 67072  rew=+169.539  swp=40.4  map=1.4  trunc=0%  pl=0.017  vl=0.483  ent=1.017  kl=0.0220  gn=1.180  time=35.4us  xtalk=0.505
step= 67328  rew=+170.725  swp=41.0  map=1.1  trunc=0%  pl=-0.007  vl=0.491  ent=1.327  kl=0.0188  gn=0.978  time=34.7us  xtalk=0.496
step= 67584  rew=+188.678  swp=47.2  map=0.7  trunc=0%  pl=-0.001  vl=0.925  ent=0.989  kl=0.0199  gn=1.241  time=38.4us  xtalk=0.530
step= 67840  rew=+185.558  swp=47.0  map=0.5  trunc=0%  pl=0.007  vl=0.437  ent=1.140  kl=0.0286  gn=1.370  time=39.0us  xtalk=0.447
step= 68096  rew=+168.448  swp=42.8  map=0.6  trunc=0%  pl=-0.001  vl=0.196  ent=1.064  kl=0.0413  gn=1.053  time=36.7us  xtalk=0.430
step= 68352  rew=+143.995  swp=33.2  map=0.8  trunc=0%  pl=-0.009  vl=0.413  ent=1.102  kl=0.0247  gn=1.120  time=29.4us  xtalk=0.444
step= 68608  rew=+158.627  swp=38.9  map=0.8  trunc=0%  pl=-0.002  vl=0.609  ent=1.240  kl=0.0173  gn=1.353  time=33.5us  xtalk=0.478
step= 68864  rew=+168.794  swp=42.5  map=0.7  trunc=0%  pl=0.009  vl=0.604  ent=0.984  kl=0.0200  gn=1.570  time=35.6us  xtalk=0.502
step= 69120  rew=+185.258  swp=48.5  map=0.8  trunc=0%  pl=0.011  vl=0.551  ent=0.932  kl=0.0291  gn=1.308  time=39.4us  xtalk=0.509
step= 69376  rew=+205.094  swp=55.4  map=0.8  trunc=0%  pl=0.012  vl=0.430  ent=0.862  kl=0.0223  gn=1.435  time=45.9us  xtalk=0.478
step= 69632  rew=+229.211  swp=62.5  map=0.7  trunc=0%  pl=0.001  vl=0.388  ent=0.934  kl=0.0312  gn=1.366  time=51.9us  xtalk=0.425
step= 69888  rew=+205.239  swp=54.9  map=0.7  trunc=0%  pl=0.007  vl=0.623  ent=0.810  kl=0.1017  gn=1.542  time=47.6us  xtalk=0.362
step= 70144  rew=+227.546  swp=57.5  map=0.2  trunc=0%  pl=0.004  vl=0.516  ent=0.709  kl=0.0664  gn=1.188  time=54.1us  xtalk=0.272
step= 70400  rew=+199.675  swp=47.9  map=0.3  trunc=0%  pl=0.010  vl=0.756  ent=1.039  kl=0.0254  gn=1.885  time=47.0us  xtalk=0.296
step= 70656  rew=+196.847  swp=45.9  map=0.1  trunc=0%  pl=-0.005  vl=0.331  ent=0.969  kl=0.0774  gn=1.258  time=46.4us  xtalk=0.307
step= 70912  rew=+208.468  swp=47.6  map=0.3  trunc=0%  pl=-0.010  vl=0.517  ent=1.086  kl=0.0175  gn=1.106  time=48.0us  xtalk=0.393
step= 71168  rew=+204.854  swp=51.1  map=0.3  trunc=0%  pl=0.007  vl=0.535  ent=0.742  kl=0.0409  gn=1.115  time=47.1us  xtalk=0.409
step= 71424  rew=+222.993  swp=57.0  map=0.6  trunc=0%  pl=-0.006  vl=0.603  ent=1.071  kl=0.0230  gn=1.289  time=51.9us  xtalk=0.460
step= 71680  rew=+223.265  swp=60.7  map=0.5  trunc=0%  pl=0.032  vl=0.630  ent=0.894  kl=0.1539  gn=1.356  time=52.9us  xtalk=0.444
step= 71936  rew=+215.526  swp=59.3  map=0.7  trunc=0%  pl=0.015  vl=0.745  ent=1.345  kl=0.0184  gn=1.169  time=50.2us  xtalk=0.514
step= 72192  rew=+201.513  swp=57.0  map=0.5  trunc=0%  pl=0.010  vl=0.702  ent=0.982  kl=0.0401  gn=1.272  time=49.6us  xtalk=0.391
step= 72448  rew=+183.258  swp=49.2  map=0.1  trunc=0%  pl=0.004  vl=0.494  ent=0.937  kl=0.0242  gn=0.939  time=44.2us  xtalk=0.335
step= 72704  rew=+198.358  swp=54.3  map=0.1  trunc=0%  pl=0.005  vl=0.439  ent=0.942  kl=0.0237  gn=1.257  time=48.1us  xtalk=0.339
step= 72960  rew=+207.706  swp=55.0  map=0.3  trunc=0%  pl=0.007  vl=1.073  ent=0.905  kl=0.0455  gn=1.297  time=49.5us  xtalk=0.278
step= 73216  rew=+234.440  swp=57.8  map=0.3  trunc=0%  pl=0.015  vl=0.943  ent=0.590  kl=0.1565  gn=1.179  time=56.7us  xtalk=0.207
step= 73472  rew=+266.083  swp=64.2  map=0.3  trunc=0%  pl=0.014  vl=0.477  ent=1.064  kl=0.0405  gn=0.886  time=64.0us  xtalk=0.252
step= 73728  rew=+260.596  swp=64.2  map=0.5  trunc=0%  pl=0.009  vl=0.774  ent=1.205  kl=0.0209  gn=1.413  time=61.6us  xtalk=0.339
step= 73984  rew=+248.429  swp=59.1  map=0.5  trunc=0%  pl=-0.007  vl=0.474  ent=1.368  kl=0.0119  gn=1.096  time=57.4us  xtalk=0.367
step= 74240  rew=+217.316  swp=55.0  map=0.6  trunc=0%  pl=-0.005  vl=0.614  ent=1.347  kl=0.0141  gn=1.011  time=49.4us  xtalk=0.487
step= 74496  rew=+190.175  swp=50.0  map=0.7  trunc=0%  pl=0.010  vl=0.657  ent=0.977  kl=0.0196  gn=1.036  time=41.0us  xtalk=0.547
step= 74752  rew=+195.787  swp=49.6  map=0.6  trunc=0%  pl=0.019  vl=0.334  ent=0.983  kl=0.1265  gn=0.869  time=43.4us  xtalk=0.567
step= 75008  rew=+228.620  swp=55.5  map=0.5  trunc=0%  pl=-0.004  vl=0.403  ent=1.081  kl=0.0301  gn=0.911  time=50.8us  xtalk=0.586
step= 75264  rew=+237.417  swp=59.0  map=0.6  trunc=0%  pl=0.007  vl=0.800  ent=0.951  kl=0.0241  gn=1.150  time=53.9us  xtalk=0.521
step= 75520  rew=+255.051  swp=65.4  map=0.6  trunc=0%  pl=-0.005  vl=0.772  ent=1.046  kl=0.0173  gn=1.060  time=57.5us  xtalk=0.528
step= 75776  rew=+255.964  swp=68.4  map=0.7  trunc=0%  pl=0.012  vl=0.815  ent=0.814  kl=0.0728  gn=1.462  time=60.4us  xtalk=0.440
step= 76032  rew=+260.237  swp=68.3  map=0.7  trunc=0%  pl=-0.006  vl=0.524  ent=0.885  kl=0.0318  gn=0.901  time=61.0us  xtalk=0.442
step= 76288  rew=+195.193  swp=52.0  map=0.6  trunc=0%  pl=-0.012  vl=0.612  ent=0.949  kl=0.1175  gn=1.160  time=45.5us  xtalk=0.280
step= 76544  rew=+161.509  swp=38.6  map=0.8  trunc=0%  pl=0.005  vl=0.465  ent=0.841  kl=0.0548  gn=0.943  time=35.8us  xtalk=0.309
step= 76800  rew=+158.408  swp=37.4  map=0.6  trunc=0%  pl=0.031  vl=0.326  ent=1.087  kl=0.0620  gn=1.264  time=35.7us  xtalk=0.316
step= 77056  rew=+170.383  swp=41.5  map=0.8  trunc=0%  pl=0.013  vl=0.383  ent=1.180  kl=0.0401  gn=1.339  time=37.6us  xtalk=0.414
step= 77312  rew=+192.561  swp=49.2  map=1.0  trunc=0%  pl=0.010  vl=0.506  ent=1.265  kl=0.0232  gn=1.242  time=42.1us  xtalk=0.460
step= 77568  rew=+182.463  swp=47.4  map=0.5  trunc=0%  pl=0.006  vl=0.702  ent=0.816  kl=0.0524  gn=1.356  time=39.4us  xtalk=0.434
step= 77824  rew=+173.816  swp=46.5  map=0.5  trunc=0%  pl=0.006  vl=0.555  ent=1.015  kl=0.0321  gn=1.269  time=39.6us  xtalk=0.359
step= 78080  rew=+168.257  swp=45.0  map=0.3  trunc=0%  pl=0.015  vl=1.095  ent=0.717  kl=0.1183  gn=1.721  time=39.1us  xtalk=0.335
step= 78336  rew=+190.277  swp=48.1  map=0.1  trunc=0%  pl=0.022  vl=0.662  ent=0.993  kl=0.0794  gn=1.426  time=46.3us  xtalk=0.295
step= 78592  rew=+226.852  swp=55.6  map=0.1  trunc=0%  pl=-0.001  vl=0.492  ent=0.917  kl=0.0331  gn=1.143  time=56.8us  xtalk=0.317
step= 78848  rew=+245.561  swp=61.5  map=0.4  trunc=0%  pl=0.003  vl=1.297  ent=1.228  kl=0.0184  gn=2.035  time=61.3us  xtalk=0.380
step= 79104  rew=+257.750  swp=63.9  map=0.7  trunc=0%  pl=-0.007  vl=0.497  ent=1.292  kl=0.0157  gn=1.030  time=61.4us  xtalk=0.441
step= 79360  rew=+237.960  swp=59.9  map=0.7  trunc=0%  pl=0.008  vl=0.296  ent=0.803  kl=0.0856  gn=1.114  time=56.1us  xtalk=0.385
step= 79616  rew=+275.907  swp=67.7  map=0.6  trunc=0%  pl=0.018  vl=0.336  ent=0.708  kl=0.0756  gn=0.977  time=65.9us  xtalk=0.365
step= 79872  rew=+240.501  swp=60.2  map=0.8  trunc=0%  pl=0.012  vl=1.102  ent=1.411  kl=0.0169  gn=2.140  time=54.3us  xtalk=0.418
step= 80128  rew=+237.586  swp=57.5  map=0.3  trunc=0%  pl=0.011  vl=1.051  ent=0.598  kl=0.0866  gn=1.269  time=55.6us  xtalk=0.285
step= 80384  rew=+222.545  swp=54.4  map=0.5  trunc=0%  pl=0.013  vl=0.809  ent=0.946  kl=0.0347  gn=1.273  time=51.5us  xtalk=0.291
step= 80640  rew=+188.071  swp=45.5  map=0.8  trunc=0%  pl=0.015  vl=0.590  ent=1.366  kl=0.0222  gn=1.104  time=41.4us  xtalk=0.331
step= 80896  rew=+185.871  swp=44.8  map=0.5  trunc=0%  pl=-0.008  vl=0.588  ent=1.259  kl=0.0150  gn=1.046  time=41.4us  xtalk=0.319
step= 81152  rew=+202.128  swp=53.1  map=0.5  trunc=0%  pl=0.009  vl=0.481  ent=0.825  kl=0.0268  gn=1.070  time=45.6us  xtalk=0.377
step= 81408  rew=+212.991  swp=57.1  map=0.3  trunc=0%  pl=0.007  vl=0.435  ent=1.379  kl=0.0147  gn=0.969  time=46.2us  xtalk=0.521
step= 81664  rew=+202.544  swp=52.8  map=0.1  trunc=0%  pl=0.003  vl=0.460  ent=0.827  kl=0.0736  gn=1.437  time=44.4us  xtalk=0.424
step= 81920  rew=+203.523  swp=54.6  map=0.3  trunc=0%  pl=0.000  vl=0.441  ent=1.304  kl=0.0231  gn=1.517  time=44.9us  xtalk=0.541
step= 82176  rew=+194.234  swp=52.5  map=0.4  trunc=0%  pl=-0.011  vl=0.551  ent=0.766  kl=0.0492  gn=1.021  time=43.3us  xtalk=0.554
step= 82432  rew=+193.952  swp=52.3  map=0.4  trunc=0%  pl=0.038  vl=0.605  ent=1.040  kl=0.0491  gn=1.202  time=43.9us  xtalk=0.453
step= 82688  rew=+195.127  swp=53.2  map=0.8  trunc=0%  pl=-0.002  vl=0.705  ent=0.891  kl=0.0233  gn=2.082  time=43.9us  xtalk=0.505
step= 82944  rew=+209.988  swp=59.4  map=0.7  trunc=0%  pl=0.015  vl=0.495  ent=0.798  kl=0.0677  gn=1.757  time=49.1us  xtalk=0.446
step= 83200  rew=+216.917  swp=63.2  map=0.6  trunc=0%  pl=0.016  vl=0.190  ent=0.856  kl=0.0331  gn=1.379  time=51.6us  xtalk=0.408
step= 83456  rew=+212.662  swp=60.2  map=0.6  trunc=0%  pl=0.018  vl=0.310  ent=0.509  kl=0.0880  gn=1.323  time=50.5us  xtalk=0.372
step= 83712  rew=+202.906  swp=59.2  map=0.3  trunc=0%  pl=0.023  vl=0.814  ent=0.789  kl=0.0980  gn=1.561  time=52.1us  xtalk=0.270
step= 83968  rew=+211.289  swp=59.6  map=0.3  trunc=0%  pl=0.005  vl=0.431  ent=1.052  kl=0.0850  gn=1.298  time=53.1us  xtalk=0.306
step= 84224  rew=+196.309  swp=52.6  map=0.3  trunc=0%  pl=-0.010  vl=0.656  ent=1.158  kl=0.0250  gn=1.289  time=47.7us  xtalk=0.328
step= 84480  rew=+186.980  swp=47.0  map=0.5  trunc=0%  pl=0.015  vl=0.456  ent=0.976  kl=0.0800  gn=1.188  time=43.1us  xtalk=0.398
step= 84736  rew=+192.803  swp=49.2  map=0.6  trunc=0%  pl=0.001  vl=0.523  ent=1.306  kl=0.0280  gn=1.307  time=44.5us  xtalk=0.487
step= 84992  rew=+193.852  swp=50.2  map=0.6  trunc=0%  pl=0.016  vl=0.311  ent=0.972  kl=0.0425  gn=1.553  time=45.5us  xtalk=0.494
step= 85248  rew=+193.887  swp=50.5  map=0.6  trunc=0%  pl=-0.007  vl=0.396  ent=1.312  kl=0.0203  gn=1.190  time=45.3us  xtalk=0.534
step= 85504  rew=+186.274  swp=50.6  map=0.4  trunc=0%  pl=0.013  vl=0.530  ent=0.688  kl=0.0520  gn=1.364  time=43.0us  xtalk=0.608
step= 85760  rew=+208.886  swp=60.0  map=0.3  trunc=0%  pl=0.012  vl=0.555  ent=0.803  kl=0.0312  gn=1.086  time=51.3us  xtalk=0.545
step= 86016  rew=+237.337  swp=63.8  map=0.3  trunc=0%  pl=0.012  vl=0.748  ent=0.705  kl=0.1546  gn=1.624  time=56.7us  xtalk=0.478
step= 86272  rew=+245.982  swp=69.3  map=0.1  trunc=0%  pl=-0.002  vl=0.728  ent=0.795  kl=0.1573  gn=1.589  time=60.0us  xtalk=0.441
step= 86528  rew=+234.545  swp=64.0  map=0.1  trunc=0%  pl=0.017  vl=0.431  ent=0.727  kl=0.0416  gn=1.470  time=57.3us  xtalk=0.396
step= 86784  rew=+256.034  swp=70.7  map=0.2  trunc=0%  pl=0.014  vl=0.561  ent=1.025  kl=0.0270  gn=1.423  time=63.0us  xtalk=0.304
step= 87040  rew=+200.081  swp=53.4  map=0.3  trunc=0%  pl=0.007  vl=0.466  ent=0.778  kl=0.0460  gn=1.453  time=45.4us  xtalk=0.362
step= 87296  rew=+207.925  swp=50.5  map=0.3  trunc=0%  pl=0.013  vl=0.475  ent=0.976  kl=0.0325  gn=0.995  time=45.9us  xtalk=0.379
step= 87552  rew=+226.678  swp=57.1  map=0.2  trunc=0%  pl=0.012  vl=0.318  ent=1.007  kl=0.0694  gn=1.042  time=50.1us  xtalk=0.384
step= 87808  rew=+229.330  swp=56.5  map=0.1  trunc=0%  pl=-0.004  vl=0.706  ent=0.878  kl=0.0501  gn=1.233  time=51.3us  xtalk=0.341
step= 88064  rew=+243.775  swp=62.4  map=0.2  trunc=0%  pl=0.018  vl=0.423  ent=0.693  kl=0.1545  gn=0.988  time=55.4us  xtalk=0.361
step= 88320  rew=+279.470  swp=68.6  map=0.2  trunc=0%  pl=0.024  vl=0.596  ent=0.624  kl=0.0751  gn=1.297  time=64.7us  xtalk=0.346
step= 88576  rew=+220.355  swp=53.6  map=0.2  trunc=0%  pl=0.024  vl=0.785  ent=0.770  kl=0.0350  gn=1.714  time=51.2us  xtalk=0.194
step= 88832  rew=+207.422  swp=51.5  map=0.2  trunc=0%  pl=0.014  vl=1.097  ent=1.302  kl=0.0199  gn=1.750  time=46.4us  xtalk=0.298
step= 89088  rew=+168.443  swp=43.4  map=0.4  trunc=0%  pl=0.003  vl=0.412  ent=1.086  kl=0.0229  gn=1.243  time=35.6us  xtalk=0.328
step= 89344  rew=+180.196  swp=48.4  map=0.4  trunc=0%  pl=0.018  vl=0.561  ent=0.756  kl=0.1107  gn=1.180  time=39.2us  xtalk=0.309
step= 89600  rew=+194.604  swp=51.7  map=0.4  trunc=0%  pl=0.003  vl=0.611  ent=0.974  kl=0.0223  gn=1.065  time=41.8us  xtalk=0.421
step= 89856  rew=+200.234  swp=53.9  map=0.3  trunc=0%  pl=0.009  vl=0.621  ent=0.581  kl=0.0503  gn=1.259  time=44.0us  xtalk=0.397
step= 90112  rew=+204.973  swp=55.9  map=0.0  trunc=0%  pl=-0.002  vl=0.428  ent=0.647  kl=0.0815  gn=1.525  time=49.0us  xtalk=0.280
step= 90368  rew=+184.544  swp=47.7  map=0.0  trunc=0%  pl=0.021  vl=0.640  ent=0.649  kl=0.0700  gn=1.476  time=43.1us  xtalk=0.216
step= 90624  rew=+193.311  swp=50.8  map=0.1  trunc=0%  pl=0.002  vl=0.606  ent=1.023  kl=0.1385  gn=1.181  time=45.2us  xtalk=0.239
step= 90880  rew=+184.596  swp=49.8  map=0.1  trunc=0%  pl=0.013  vl=0.330  ent=0.646  kl=0.0525  gn=1.326  time=43.7us  xtalk=0.200
step= 91136  rew=+173.604  swp=47.1  map=0.2  trunc=0%  pl=0.006  vl=0.510  ent=0.838  kl=0.0223  gn=1.406  time=40.6us  xtalk=0.185
step= 91392  rew=+186.840  swp=49.2  map=0.7  trunc=0%  pl=-0.008  vl=0.152  ent=0.911  kl=0.0288  gn=1.265  time=42.3us  xtalk=0.321
step= 91648  rew=+197.838  swp=54.0  map=0.9  trunc=0%  pl=0.005  vl=0.313  ent=0.815  kl=0.0454  gn=1.083  time=47.1us  xtalk=0.302
step= 91904  rew=+212.901  swp=58.8  map=1.1  trunc=0%  pl=0.011  vl=0.885  ent=1.017  kl=0.0274  gn=1.728  time=50.0us  xtalk=0.326
step= 92160  rew=+224.231  swp=62.1  map=1.1  trunc=0%  pl=0.004  vl=0.736  ent=0.990  kl=0.0165  gn=1.818  time=50.6us  xtalk=0.423
step= 92416  rew=+239.703  swp=66.0  map=1.1  trunc=0%  pl=0.021  vl=0.682  ent=0.614  kl=0.0613  gn=1.184  time=54.3us  xtalk=0.459
step= 92672  rew=+234.324  swp=65.7  map=0.7  trunc=0%  pl=-0.003  vl=0.512  ent=0.950  kl=0.0485  gn=1.032  time=53.7us  xtalk=0.380
step= 92928  rew=+233.682  swp=64.5  map=0.5  trunc=0%  pl=0.007  vl=0.555  ent=0.508  kl=0.1568  gn=1.301  time=54.1us  xtalk=0.300
step= 93184  rew=+210.471  swp=54.9  map=0.7  trunc=0%  pl=0.004  vl=0.279  ent=0.798  kl=0.0204  gn=0.952  time=46.7us  xtalk=0.328
step= 93440  rew=+245.709  swp=59.1  map=0.7  trunc=0%  pl=0.011  vl=0.690  ent=1.015  kl=0.0240  gn=1.452  time=54.0us  xtalk=0.334
step= 93696  rew=+241.011  swp=58.0  map=0.8  trunc=0%  pl=0.005  vl=0.382  ent=0.967  kl=0.0235  gn=1.067  time=51.9us  xtalk=0.396
step= 93952  rew=+234.582  swp=55.5  map=0.6  trunc=0%  pl=-0.001  vl=0.511  ent=0.832  kl=0.0394  gn=1.165  time=51.4us  xtalk=0.361
step= 94208  rew=+235.479  swp=56.8  map=0.3  trunc=0%  pl=-0.004  vl=0.384  ent=0.928  kl=0.0292  gn=1.143  time=50.5us  xtalk=0.505
step= 94464  rew=+215.914  swp=57.1  map=0.3  trunc=0%  pl=0.007  vl=0.952  ent=0.589  kl=0.0845  gn=1.304  time=48.7us  xtalk=0.466
step= 94720  rew=+242.121  swp=62.4  map=0.3  trunc=0%  pl=0.012  vl=0.665  ent=0.582  kl=0.0611  gn=1.421  time=57.0us  xtalk=0.375
step= 94976  rew=+244.378  swp=61.0  map=0.6  trunc=0%  pl=0.013  vl=0.331  ent=0.737  kl=0.0224  gn=1.273  time=56.6us  xtalk=0.360
step= 95232  rew=+290.816  swp=69.3  map=0.6  trunc=0%  pl=0.019  vl=0.688  ent=0.591  kl=0.0984  gn=0.933  time=68.7us  xtalk=0.357
step= 95488  rew=+272.566  swp=61.5  map=0.8  trunc=0%  pl=0.028  vl=0.886  ent=1.036  kl=0.0331  gn=1.841  time=63.0us  xtalk=0.340
step= 95744  rew=+225.475  swp=49.9  map=0.8  trunc=0%  pl=-0.005  vl=0.340  ent=0.792  kl=0.0246  gn=1.254  time=49.2us  xtalk=0.422
step= 96000  rew=+155.098  swp=35.8  map=0.4  trunc=0%  pl=-0.005  vl=0.361  ent=0.861  kl=0.0418  gn=1.252  time=33.1us  xtalk=0.404
step= 96256  rew=+157.014  swp=38.2  map=0.2  trunc=0%  pl=0.011  vl=0.638  ent=0.849  kl=0.0254  gn=1.619  time=34.6us  xtalk=0.398
step= 96512  rew=+175.743  swp=43.9  map=0.6  trunc=0%  pl=0.015  vl=0.569  ent=0.747  kl=0.0314  gn=1.373  time=40.0us  xtalk=0.345
step= 96768  rew=+191.490  swp=48.7  map=0.5  trunc=0%  pl=0.005  vl=0.866  ent=0.726  kl=0.0590  gn=1.269  time=45.5us  xtalk=0.298
step= 97024  rew=+193.443  swp=49.5  map=0.6  trunc=0%  pl=0.005  vl=0.262  ent=1.009  kl=0.0531  gn=1.207  time=45.4us  xtalk=0.321
step= 97280  rew=+203.542  swp=53.2  map=0.6  trunc=0%  pl=0.020  vl=0.218  ent=0.835  kl=0.1941  gn=1.074  time=49.0us  xtalk=0.312
step= 97536  rew=+185.120  swp=48.6  map=0.2  trunc=0%  pl=0.008  vl=0.433  ent=0.832  kl=0.0568  gn=1.157  time=44.8us  xtalk=0.281
step= 97792  rew=+179.290  swp=46.8  map=0.2  trunc=0%  pl=0.010  vl=0.477  ent=0.787  kl=0.0553  gn=1.414  time=42.1us  xtalk=0.302
step= 98048  rew=+194.294  swp=53.8  map=0.1  trunc=0%  pl=0.037  vl=0.369  ent=0.524  kl=0.0902  gn=1.335  time=49.1us  xtalk=0.181
step= 98304  rew=+202.586  swp=53.5  map=0.0  trunc=0%  pl=0.016  vl=0.846  ent=0.746  kl=0.0561  gn=1.540  time=49.8us  xtalk=0.158
step= 98560  rew=+203.710  swp=56.0  map=0.0  trunc=0%  pl=0.017  vl=0.657  ent=0.871  kl=0.0903  gn=1.583  time=50.0us  xtalk=0.135
step= 98816  rew=+211.420  swp=57.2  map=0.0  trunc=0%  pl=0.015  vl=0.606  ent=0.730  kl=0.2270  gn=1.338  time=51.0us  xtalk=0.181
step= 99072  rew=+218.755  swp=58.8  map=0.1  trunc=0%  pl=0.020  vl=0.545  ent=0.846  kl=0.1049  gn=1.203  time=54.1us  xtalk=0.189
step= 99328  rew=+225.475  swp=59.9  map=0.2  trunc=0%  pl=0.006  vl=0.450  ent=0.895  kl=0.0806  gn=1.042  time=53.6us  xtalk=0.291
step= 99584  rew=+243.021  swp=66.3  map=0.2  trunc=0%  pl=0.008  vl=0.343  ent=0.687  kl=0.0533  gn=1.177  time=58.6us  xtalk=0.322
step= 99840  rew=+270.999  swp=71.2  map=0.2  trunc=0%  pl=0.026  vl=0.837  ent=1.125  kl=0.0269  gn=1.526  time=65.9us  xtalk=0.364
step=100096  rew=+261.521  swp=66.3  map=0.4  trunc=0%  pl=0.015  vl=0.303  ent=0.831  kl=0.1159  gn=1.459  time=61.9us  xtalk=0.422
Checkpoints in models/ckpts_l05_nam_phase1
Policy saved to models/policy_l05_nam_phase1.pt
